
Top IR:
; ModuleID = 'Glslang'

%outb = type { float, float, float, <3 x float> }
%outbna = type { i32, <4 x float> }
%outs = type { <4 x float> }

@outbname = external addrspace(3) constant %outb
@s = addrspace(4) global float 0.000000e+00
@outbnamena = external addrspace(3) constant %outbna
@i = addrspace(4) global i32 0
@outnames = external addrspace(3) constant %outs
@gl_LocalInvocationID = global <3 x i32> zeroinitializer
@iimg2Drgba = external addrspace(1) constant i32
@coord2D = addrspace(4) global <2 x i32> zeroinitializer
@img3Drgba = external addrspace(1) constant i32
@coord3D = addrspace(4) global <3 x i32> zeroinitializer
@uimgCube = external addrspace(1) constant i32
@img2DA = external addrspace(1) constant i32
@iimg2D = external addrspace(1) constant i32
@wimg2DA = external addrspace(1) constant i32
@wimg2D = external addrspace(1) constant i32
@ii2da = external addrspace(1) constant i32

define fastcc void @main() {
entry:
  %gl_WorkGroupSize = alloca <3 x i32>
  %uv = alloca <4 x i32>
  %v = alloca <4 x float>
  %iv = alloca <4 x i32>
  %outnames = alloca <4 x float>
  %outbname = alloca <3 x float>
  %outbnamena = alloca <4 x float>
  br label %mainBody

mainBody:                                         ; preds = %entry
  call void @llvm.gla.barrier()
  %0 = load float addrspace(4)* @s
  store float %0, float addrspace(3)* getelementptr inbounds (%outb addrspace(3)* @outbname, i32 0, i32 0), !gla.uniform !2
  %1 = load float addrspace(4)* @s
  %2 = load <4 x float>* %outbnamena
  %3 = insertelement <4 x float> undef, float %1, i32 0, !gla.precision !41
  %4 = insertelement <4 x float> %3, float %1, i32 1, !gla.precision !41
  %5 = insertelement <4 x float> %4, float %1, i32 2, !gla.precision !41
  %6 = insertelement <4 x float> %5, float %1, i32 3, !gla.precision !41
  store <4 x float> %6, <4 x float> addrspace(3)* getelementptr inbounds (%outbna addrspace(3)* @outbnamena, i32 0, i32 1), !gla.uniform !7
  %7 = load <3 x float> addrspace(3)* getelementptr (<3 x float> addrspace(3)* getelementptr inbounds (%outb addrspace(3)* @outbname, i32 0, i32 3), i32 18), !gla.uniform !2
  %s = extractelement <3 x float> %7, i32 0, !gla.precision !41
  store float %s, float addrspace(4)* @s
  %8 = load i32 addrspace(4)* @i
  %9 = load float addrspace(4)* @s
  %10 = load <3 x float>* %outbname
  %11 = insertelement <3 x float> undef, float %9, i32 0, !gla.precision !41
  %12 = insertelement <3 x float> %11, float %9, i32 1, !gla.precision !41
  %13 = insertelement <3 x float> %12, float %9, i32 2, !gla.precision !41
  %14 = getelementptr <3 x float> addrspace(3)* getelementptr inbounds (%outb addrspace(3)* @outbname, i32 0, i32 3), i32 %8
  store <3 x float> %13, <3 x float> addrspace(3)* %14, !gla.uniform !2
  %15 = load <3 x i32>* @gl_LocalInvocationID
  %16 = extractelement <3 x i32> %15, i32 0, !gla.precision !41
  %17 = load float addrspace(4)* @s
  %18 = load <4 x float>* %outnames
  %19 = insertelement <4 x float> undef, float %17, i32 0, !gla.precision !41
  %20 = insertelement <4 x float> %19, float %17, i32 1, !gla.precision !41
  %21 = insertelement <4 x float> %20, float %17, i32 2, !gla.precision !41
  %22 = insertelement <4 x float> %21, float %17, i32 3, !gla.precision !41
  %23 = getelementptr <4 x float> addrspace(3)* getelementptr inbounds (%outs addrspace(3)* @outnames, i32 0, i32 0), i32 %16
  store <4 x float> %22, <4 x float> addrspace(3)* %23, !gla.uniform !9
  %24 = load i32 addrspace(1)* @iimg2Drgba, !gla.uniform !11
  %25 = load <2 x i32> addrspace(4)* @coord2D
  %iv1 = call <4 x i32> @llvm.gla.imageLoad.v4i32.v2i32(i32 2, i32 %24, <2 x i32> %25), !gla.precision !41
  store <4 x i32> %iv1, <4 x i32>* %iv
  %26 = load i32 addrspace(1)* @img3Drgba, !gla.uniform !14
  %27 = load <3 x i32> addrspace(4)* @coord3D
  %v3 = call <4 x float> @llvm.gla.fImageLoad.v4f32.v3i32(i32 3, i32 %26, <3 x i32> %27), !gla.precision !41
  store <4 x float> %v3, <4 x float>* %v
  %28 = load i32 addrspace(1)* @uimgCube, !gla.uniform !17
  %29 = load <3 x i32> addrspace(4)* @coord3D
  %uv4 = call <4 x i32> @llvm.gla.imageLoad.v4i32.v3i32(i32 4, i32 %28, <3 x i32> %29), !gla.precision !41
  store <4 x i32> %uv4, <4 x i32>* %uv
  %30 = load i32 addrspace(1)* @img2DA, !gla.uniform !20
  %31 = load <3 x i32> addrspace(4)* @coord3D
  %v5 = call <4 x float> @llvm.gla.fImageLoad.v4f32.v3i32(i32 2, i32 %30, <3 x i32> %31), !gla.precision !41
  %32 = load <4 x float>* %v
  %v6 = fadd <4 x float> %32, %v5, !gla.precision !41
  store <4 x float> %v6, <4 x float>* %v
  %33 = load i32 addrspace(1)* @iimg2D, !gla.uniform !23
  %34 = load <2 x i32> addrspace(4)* @coord2D
  %35 = load <4 x i32>* %iv
  call void @llvm.gla.imageStoreI.v2i32(i32 2, i32 %33, <2 x i32> %34, <4 x i32> %35), !gla.precision !41
  %36 = load i32 addrspace(1)* @uimgCube, !gla.uniform !17
  %37 = load <3 x i32> addrspace(4)* @coord3D
  %38 = load <4 x i32>* %uv
  call void @llvm.gla.imageStoreI.v3i32(i32 4, i32 %36, <3 x i32> %37, <4 x i32> %38), !gla.precision !41
  %39 = load i32 addrspace(1)* @wimg2DA, !gla.uniform !26
  %40 = load <3 x i32> addrspace(4)* @coord3D
  %41 = load <4 x float>* %v
  call void @llvm.gla.imageStoreF.v3i32(i32 2, i32 %39, <3 x i32> %40, <4 x float> %41), !gla.precision !41
  %42 = load i32 addrspace(1)* @wimg2D, !gla.uniform !29
  %43 = load <2 x i32> addrspace(4)* @coord2D
  %44 = load <4 x float>* %v
  call void @llvm.gla.imageStoreF.v2i32(i32 2, i32 %42, <2 x i32> %43, <4 x float> %44), !gla.precision !41
  %45 = load <4 x float> addrspace(3)* getelementptr inbounds (%outbna addrspace(3)* @outbnamena, i32 0, i32 1), !gla.uniform !7
  %46 = insertelement <4 x float> %45, float 0x4008CCCCC0000000, i32 1
  %47 = insertelement <4 x float> %46, float 0x4008CCCCC0000000, i32 2
  store <4 x float> %47, <4 x float> addrspace(3)* getelementptr inbounds (%outbna addrspace(3)* @outbnamena, i32 0, i32 1), !gla.uniform !7
  br label %stage-epilogue

stage-epilogue:                                   ; preds = %mainBody
  br label %stage-exit

stage-exit:                                       ; preds = %stage-epilogue
  ret void
}

; Function Attrs: nounwind
declare void @llvm.gla.barrier() #0

; Function Attrs: nounwind readonly
declare <4 x i32> @llvm.gla.imageLoad.v4i32.v2i32(i32, i32, <2 x i32>) #1

; Function Attrs: nounwind readonly
declare <4 x float> @llvm.gla.fImageLoad.v4f32.v3i32(i32, i32, <3 x i32>) #1

; Function Attrs: nounwind readonly
declare <4 x i32> @llvm.gla.imageLoad.v4i32.v3i32(i32, i32, <3 x i32>) #1

; Function Attrs: nounwind
declare void @llvm.gla.imageStoreI.v2i32(i32, i32, <2 x i32>, <4 x i32>) #0

; Function Attrs: nounwind
declare void @llvm.gla.imageStoreI.v3i32(i32, i32, <3 x i32>, <4 x i32>) #0

; Function Attrs: nounwind
declare void @llvm.gla.imageStoreF.v3i32(i32, i32, <3 x i32>, <4 x float>) #0

; Function Attrs: nounwind
declare void @llvm.gla.imageStoreF.v2i32(i32, i32, <2 x i32>, <4 x float>) #0

attributes #0 = { nounwind }
attributes #1 = { nounwind readonly }

!gla.localSize = !{!0}
!gla.entrypoint = !{!1}
!gla.uniforms = !{!2, !7, !9, !11, !14, !17, !20, !23, !26, !29, !32}
!gla.shared = !{!35, !36, !37, !38}
!gla.inputs = !{!39}
!gla.noStaticUse = !{!32}

!0 = metadata !{i32 16, i32 32, i32 4}
!1 = metadata !{metadata !"main", i32 15}
!2 = metadata !{metadata !"outbname", i32 18, %outb* @outbname_typeProxy, metadata !3, metadata !4}
!3 = metadata !{i32 6, i32 0, i32 1024, null, i32 -1, i32 0, i32 -1, i32 0}
!4 = metadata !{metadata !"outb", metadata !3, metadata !"f", metadata !5, metadata !"g", metadata !5, metadata !"h", metadata !5, metadata !"uns", metadata !5}
!5 = metadata !{metadata !"", metadata !6}
!6 = metadata !{i32 0, i32 3, i32 1024, null, i32 -1, i32 0, i32 -1, i32 0}
!7 = metadata !{metadata !"outbnamena", i32 14, %outbna* @outbnamena_typeProxy, metadata !3, metadata !8}
!8 = metadata !{metadata !"outbna", metadata !3, metadata !"k", metadata !5, metadata !"na", metadata !5}
!9 = metadata !{metadata !"outnames", i32 18, %outs* @outnames_typeProxy, metadata !3, metadata !10}
!10 = metadata !{metadata !"outs", metadata !3, metadata !"va", metadata !5}
!11 = metadata !{metadata !"iimg2Drgba", i32 12, i32* @iimg2Drgba_typeProxy, metadata !12}
!12 = metadata !{i32 5, i32 3, i32 1024, metadata !13, i32 -1, i32 0, i32 -1, i32 2}
!13 = metadata !{i32 22, i32* @iimg2Drgba_typeProxy, i32 1, i1 false, i1 false, i32 1}
!14 = metadata !{metadata !"img3Drgba", i32 12, i32* @img3Drgba_typeProxy, metadata !15}
!15 = metadata !{i32 5, i32 3, i32 1024, metadata !16, i32 -1, i32 0, i32 -1, i32 2}
!16 = metadata !{i32 2, i32* @img3Drgba_typeProxy, i32 2, i1 false, i1 false, i32 0}
!17 = metadata !{metadata !"uimgCube", i32 12, i32* @uimgCube_typeProxy, metadata !18}
!18 = metadata !{i32 5, i32 3, i32 1024, metadata !19, i32 -1, i32 0, i32 -1, i32 0}
!19 = metadata !{i32 34, i32* @uimgCube_typeProxy, i32 3, i1 false, i1 false, i32 2}
!20 = metadata !{metadata !"img2DA", i32 12, i32* @img2DA_typeProxy, metadata !21}
!21 = metadata !{i32 5, i32 3, i32 1024, metadata !22, i32 -1, i32 0, i32 -1, i32 2}
!22 = metadata !{i32 6, i32* @img2DA_typeProxy, i32 1, i1 true, i1 false, i32 0}
!23 = metadata !{metadata !"iimg2D", i32 12, i32* @iimg2D_typeProxy, metadata !24}
!24 = metadata !{i32 5, i32 3, i32 1024, metadata !25, i32 -1, i32 0, i32 -1, i32 0}
!25 = metadata !{i32 25, i32* @iimg2D_typeProxy, i32 1, i1 false, i1 false, i32 1}
!26 = metadata !{metadata !"wimg2DA", i32 12, i32* @wimg2DA_typeProxy, metadata !27}
!27 = metadata !{i32 5, i32 3, i32 1024, metadata !28, i32 -1, i32 0, i32 -1, i32 1}
!28 = metadata !{i32 5, i32* @wimg2DA_typeProxy, i32 1, i1 true, i1 false, i32 0}
!29 = metadata !{metadata !"wimg2D", i32 12, i32* @wimg2D_typeProxy, metadata !30}
!30 = metadata !{i32 5, i32 3, i32 1024, metadata !31, i32 -1, i32 0, i32 -1, i32 1}
!31 = metadata !{i32 3, i32* @wimg2D_typeProxy, i32 1, i1 false, i1 false, i32 0}
!32 = metadata !{metadata !"ii2da", i32 12, i32* @ii2da_typeProxy, metadata !33}
!33 = metadata !{i32 5, i32 3, i32 1024, metadata !34, i32 -1, i32 0, i32 -1, i32 1}
!34 = metadata !{i32 1, i32* @ii2da_typeProxy, i32 1, i1 true, i1 false, i32 1}
!35 = metadata !{float addrspace(4)* @s}
!36 = metadata !{i32 addrspace(4)* @i}
!37 = metadata !{<2 x i32> addrspace(4)* @coord2D}
!38 = metadata !{<3 x i32> addrspace(4)* @coord3D}
!39 = metadata !{metadata !"gl_LocalInvocationID", i32 1, <3 x i32>* @gl_LocalInvocationID_typeProxy, metadata !40}
!40 = metadata !{i32 1, i32 3, i32 1024, null, i32 0, i32 4, i32 -1, i32 0}
!41 = metadata !{i32 3}


Bottom IR:
; ModuleID = 'Glslang'

%outb = type { float, float, float, <3 x float> }
%outbna = type { i32, <4 x float> }
%outs = type { <4 x float> }

@outbname = external addrspace(3) constant %outb
@s = addrspace(4) global float 0.000000e+00
@outbnamena = external addrspace(3) constant %outbna
@i = addrspace(4) global i32 0
@outnames = external addrspace(3) constant %outs
@gl_LocalInvocationID = global <3 x i32> zeroinitializer
@iimg2Drgba = external addrspace(1) constant i32
@coord2D = addrspace(4) global <2 x i32> zeroinitializer
@img3Drgba = external addrspace(1) constant i32
@coord3D = addrspace(4) global <3 x i32> zeroinitializer
@uimgCube = external addrspace(1) constant i32
@img2DA = external addrspace(1) constant i32
@iimg2D = external addrspace(1) constant i32
@wimg2DA = external addrspace(1) constant i32
@wimg2D = external addrspace(1) constant i32

define fastcc void @main() {
entry:
  call void @llvm.gla.barrier()
  %0 = load float addrspace(4)* @s, align 4
  %1 = call <4 x float> @llvm.gla.fSwizzle.v4f32.f32.v4i32(float %0, <4 x i32> zeroinitializer)
  %gla_constGEP = getelementptr %outb addrspace(3)* @outbname, i32 0, i32 0
  store float %0, float addrspace(3)* %gla_constGEP, align 16, !gla.uniform !2
  %gla_constGEP7 = getelementptr %outbna addrspace(3)* @outbnamena, i32 0, i32 1
  store <4 x float> %1, <4 x float> addrspace(3)* %gla_constGEP7, align 16, !gla.uniform !7
  %gla_constGEP8 = getelementptr %outb addrspace(3)* @outbname, i32 9, i32 3
  %2 = load <3 x float> addrspace(3)* %gla_constGEP8, align 16, !gla.uniform !2
  %3 = call <4 x float> @llvm.gla.fSwizzle.v4f32.v3f32.v4i32(<3 x float> %2, <4 x i32> zeroinitializer)
  %4 = call <3 x float> @llvm.gla.fSwizzle.v3f32.v3f32.v3i32(<3 x float> %2, <3 x i32> zeroinitializer)
  %s = extractelement <3 x float> %2, i32 0, !gla.precision !41
  store float %s, float addrspace(4)* @s, align 4
  %5 = load i32 addrspace(4)* @i, align 4
  %gla_constGEP9 = getelementptr %outb addrspace(3)* @outbname, i32 0, i32 3
  %6 = getelementptr <3 x float> addrspace(3)* %gla_constGEP9, i32 %5
  store <3 x float> %4, <3 x float> addrspace(3)* %6, align 16, !gla.uniform !2
  %7 = load <3 x i32>* @gl_LocalInvocationID, align 16
  %8 = extractelement <3 x i32> %7, i32 0, !gla.precision !41
  %9 = getelementptr inbounds %outs addrspace(3)* @outnames, i32 %8, i32 0
  store <4 x float> %3, <4 x float> addrspace(3)* %9, align 16, !gla.uniform !9
  %10 = load i32 addrspace(1)* @iimg2Drgba, align 4, !gla.uniform !11
  %11 = load <2 x i32> addrspace(4)* @coord2D, align 8
  %iv1 = call <4 x i32> @llvm.gla.imageLoad.v4i32.v2i32(i32 2, i32 %10, <2 x i32> %11), !gla.precision !41
  %12 = load i32 addrspace(1)* @img3Drgba, align 4, !gla.uniform !14
  %13 = load <3 x i32> addrspace(4)* @coord3D, align 16
  %v3 = call <4 x float> @llvm.gla.fImageLoad.v4f32.v3i32(i32 3, i32 %12, <3 x i32> %13), !gla.precision !41
  %14 = load i32 addrspace(1)* @uimgCube, align 4, !gla.uniform !17
  %uv4 = call <4 x i32> @llvm.gla.imageLoad.v4i32.v3i32(i32 4, i32 %14, <3 x i32> %13), !gla.precision !41
  %15 = load i32 addrspace(1)* @img2DA, align 4, !gla.uniform !20
  %v5 = call <4 x float> @llvm.gla.fImageLoad.v4f32.v3i32(i32 2, i32 %15, <3 x i32> %13), !gla.precision !41
  %v6 = fadd <4 x float> %v3, %v5, !gla.precision !41
  %16 = load i32 addrspace(1)* @iimg2D, align 4, !gla.uniform !23
  call void @llvm.gla.imageStoreI.v2i32(i32 2, i32 %16, <2 x i32> %11, <4 x i32> %iv1), !gla.precision !41
  call void @llvm.gla.imageStoreI.v3i32(i32 4, i32 %14, <3 x i32> %13, <4 x i32> %uv4), !gla.precision !41
  %17 = load i32 addrspace(1)* @wimg2DA, align 4, !gla.uniform !26
  call void @llvm.gla.imageStoreF.v3i32(i32 2, i32 %17, <3 x i32> %13, <4 x float> %v6), !gla.precision !41
  %18 = load i32 addrspace(1)* @wimg2D, align 4, !gla.uniform !29
  call void @llvm.gla.imageStoreF.v2i32(i32 2, i32 %18, <2 x i32> %11, <4 x float> %v6), !gla.precision !41
  %gla_constGEP10 = getelementptr %outbna addrspace(3)* @outbnamena, i32 0, i32 1
  %19 = load <4 x float> addrspace(3)* %gla_constGEP10, align 16, !gla.uniform !7
  %20 = call <4 x float> @llvm.gla.fMultiInsert.v4f32.v4f32.f32.f32.f32.f32(<4 x float> %19, i32 6, float undef, i32 undef, float 0x4008CCCCC0000000, i32 0, float 0x4008CCCCC0000000, i32 0, float undef, i32 undef)
  %gla_constGEP11 = getelementptr %outbna addrspace(3)* @outbnamena, i32 0, i32 1
  store <4 x float> %20, <4 x float> addrspace(3)* %gla_constGEP11, align 16, !gla.uniform !7
  br label %stage-epilogue

stage-epilogue:                                   ; preds = %entry
  br label %stage-exit

stage-exit:                                       ; preds = %stage-epilogue
  ret void
}

; Function Attrs: nounwind
declare void @llvm.gla.barrier() #0

; Function Attrs: nounwind readonly
declare <4 x i32> @llvm.gla.imageLoad.v4i32.v2i32(i32, i32, <2 x i32>) #1

; Function Attrs: nounwind readonly
declare <4 x float> @llvm.gla.fImageLoad.v4f32.v3i32(i32, i32, <3 x i32>) #1

; Function Attrs: nounwind readonly
declare <4 x i32> @llvm.gla.imageLoad.v4i32.v3i32(i32, i32, <3 x i32>) #1

; Function Attrs: nounwind
declare void @llvm.gla.imageStoreI.v2i32(i32, i32, <2 x i32>, <4 x i32>) #0

; Function Attrs: nounwind
declare void @llvm.gla.imageStoreI.v3i32(i32, i32, <3 x i32>, <4 x i32>) #0

; Function Attrs: nounwind
declare void @llvm.gla.imageStoreF.v3i32(i32, i32, <3 x i32>, <4 x float>) #0

; Function Attrs: nounwind
declare void @llvm.gla.imageStoreF.v2i32(i32, i32, <2 x i32>, <4 x float>) #0

; Function Attrs: nounwind readnone
declare <4 x float> @llvm.gla.fMultiInsert.v4f32.v4f32.f32.f32.f32.f32(<4 x float>, i32, float, i32, float, i32, float, i32, float, i32) #2

; Function Attrs: nounwind readnone
declare <4 x float> @llvm.gla.fSwizzle.v4f32.f32.v4i32(float, <4 x i32>) #2

; Function Attrs: nounwind readnone
declare <3 x float> @llvm.gla.fSwizzle.v3f32.v3f32.v3i32(<3 x float>, <3 x i32>) #2

; Function Attrs: nounwind readnone
declare <4 x float> @llvm.gla.fSwizzle.v4f32.v3f32.v4i32(<3 x float>, <4 x i32>) #2

attributes #0 = { nounwind }
attributes #1 = { nounwind readonly }
attributes #2 = { nounwind readnone }

!gla.localSize = !{!0}
!gla.entrypoint = !{!1}
!gla.uniforms = !{!2, !7, !9, !11, !14, !17, !20, !23, !26, !29, !32}
!gla.shared = !{!35, !36, !37, !38}
!gla.inputs = !{!39}
!gla.noStaticUse = !{!32}

!0 = metadata !{i32 16, i32 32, i32 4}
!1 = metadata !{metadata !"main", i32 15}
!2 = metadata !{metadata !"outbname", i32 18, %outb* @outbname_typeProxy, metadata !3, metadata !4}
!3 = metadata !{i32 6, i32 0, i32 1024, null, i32 -1, i32 0, i32 -1, i32 0}
!4 = metadata !{metadata !"outb", metadata !3, metadata !"f", metadata !5, metadata !"g", metadata !5, metadata !"h", metadata !5, metadata !"uns", metadata !5}
!5 = metadata !{metadata !"", metadata !6}
!6 = metadata !{i32 0, i32 3, i32 1024, null, i32 -1, i32 0, i32 -1, i32 0}
!7 = metadata !{metadata !"outbnamena", i32 14, %outbna* @outbnamena_typeProxy, metadata !3, metadata !8}
!8 = metadata !{metadata !"outbna", metadata !3, metadata !"k", metadata !5, metadata !"na", metadata !5}
!9 = metadata !{metadata !"outnames", i32 18, %outs* @outnames_typeProxy, metadata !3, metadata !10}
!10 = metadata !{metadata !"outs", metadata !3, metadata !"va", metadata !5}
!11 = metadata !{metadata !"iimg2Drgba", i32 12, i32* @iimg2Drgba_typeProxy, metadata !12}
!12 = metadata !{i32 5, i32 3, i32 1024, metadata !13, i32 -1, i32 0, i32 -1, i32 2}
!13 = metadata !{i32 22, i32* @iimg2Drgba_typeProxy, i32 1, i1 false, i1 false, i32 1}
!14 = metadata !{metadata !"img3Drgba", i32 12, i32* @img3Drgba_typeProxy, metadata !15}
!15 = metadata !{i32 5, i32 3, i32 1024, metadata !16, i32 -1, i32 0, i32 -1, i32 2}
!16 = metadata !{i32 2, i32* @img3Drgba_typeProxy, i32 2, i1 false, i1 false, i32 0}
!17 = metadata !{metadata !"uimgCube", i32 12, i32* @uimgCube_typeProxy, metadata !18}
!18 = metadata !{i32 5, i32 3, i32 1024, metadata !19, i32 -1, i32 0, i32 -1, i32 0}
!19 = metadata !{i32 34, i32* @uimgCube_typeProxy, i32 3, i1 false, i1 false, i32 2}
!20 = metadata !{metadata !"img2DA", i32 12, i32* @img2DA_typeProxy, metadata !21}
!21 = metadata !{i32 5, i32 3, i32 1024, metadata !22, i32 -1, i32 0, i32 -1, i32 2}
!22 = metadata !{i32 6, i32* @img2DA_typeProxy, i32 1, i1 true, i1 false, i32 0}
!23 = metadata !{metadata !"iimg2D", i32 12, i32* @iimg2D_typeProxy, metadata !24}
!24 = metadata !{i32 5, i32 3, i32 1024, metadata !25, i32 -1, i32 0, i32 -1, i32 0}
!25 = metadata !{i32 25, i32* @iimg2D_typeProxy, i32 1, i1 false, i1 false, i32 1}
!26 = metadata !{metadata !"wimg2DA", i32 12, i32* @wimg2DA_typeProxy, metadata !27}
!27 = metadata !{i32 5, i32 3, i32 1024, metadata !28, i32 -1, i32 0, i32 -1, i32 1}
!28 = metadata !{i32 5, i32* @wimg2DA_typeProxy, i32 1, i1 true, i1 false, i32 0}
!29 = metadata !{metadata !"wimg2D", i32 12, i32* @wimg2D_typeProxy, metadata !30}
!30 = metadata !{i32 5, i32 3, i32 1024, metadata !31, i32 -1, i32 0, i32 -1, i32 1}
!31 = metadata !{i32 3, i32* @wimg2D_typeProxy, i32 1, i1 false, i1 false, i32 0}
!32 = metadata !{metadata !"ii2da", i32 12, i32* @ii2da_typeProxy, metadata !33}
!33 = metadata !{i32 5, i32 3, i32 1024, metadata !34, i32 -1, i32 0, i32 -1, i32 1}
!34 = metadata !{i32 1, i32* @ii2da_typeProxy, i32 1, i1 true, i1 false, i32 1}
!35 = metadata !{float addrspace(4)* @s}
!36 = metadata !{i32 addrspace(4)* @i}
!37 = metadata !{<2 x i32> addrspace(4)* @coord2D}
!38 = metadata !{<3 x i32> addrspace(4)* @coord3D}
!39 = metadata !{metadata !"gl_LocalInvocationID", i32 1, <3 x i32>* @gl_LocalInvocationID_typeProxy, metadata !40}
!40 = metadata !{i32 1, i32 3, i32 1024, null, i32 0, i32 4, i32 -1, i32 0}
!41 = metadata !{i32 3}
#version 310 es
// LunarGOO output
layout(local_size_x=16, local_size_y=32, local_size_z=4) in; 
buffer outb {
	highp float f;
	highp float g;
	highp float h;
	highp vec3 uns[];
} outbname;
buffer outbna {
	highp int k;
	highp vec4 na;
} outbnamena;
buffer outs {
	highp vec4 va[];
} outnames;
 readonly uniform layout(rgba32i) highp iimage2D iimg2Drgba;
 readonly uniform layout(rgba32f) highp image3D img3Drgba;
uniform layout(r32ui) highp uimageCube uimgCube;
 readonly uniform layout(rgba8_snorm) highp image2DArray img2DA;
uniform layout(r32i) highp iimage2D iimg2D;
 writeonly uniform layout(rgba8) highp image2DArray wimg2DA;
 writeonly uniform layout(rgba16f) highp image2D wimg2D;
 writeonly uniform highp iimage2DArray ii2da;
shared float s;
shared int i;
shared ivec2 coord2D;
shared ivec3 coord3D;
const float C_3d1 = 3.1;

void main()
{
	barrier();
	vec4 H_xv6ac = vec4(s);
	outbname.f = s;
	outbnamena.na = H_xv6ac;
	s = outbname[9].uns.x;
	outbname.uns[i] = outbname[9].uns.xxx;
	outnames[ivec3(gl_LocalInvocationID).x].va = outbname[9].uns.xxxx;
	highp ivec4 iv = imageLoad(iimg2Drgba, coord2D);
	highp vec4 H_d28na9 = imageLoad(img3Drgba, coord3D);
	highp ivec4 uv = ivec4(imageLoad(uimgCube, coord3D));
	highp vec4 H_vp6gnj = imageLoad(img2DA, coord3D);
	highp vec4 H_hlq1hy1 = H_d28na9 + H_vp6gnj;
	imageStore(iimg2D, coord2D, iv);
	imageStore(uimgCube, coord3D, uv);
	imageStore(wimg2DA, coord3D, H_hlq1hy1);
	imageStore(wimg2D, coord2D, H_hlq1hy1);
	vec4 H_wf4e7w = outbnamena.na;
	H_wf4e7w.yz = vec2(C_3d1, C_3d1);
	outbnamena.na = H_wf4e7w;
	
}

tempglsl.comp
Warning, version 310 is not yet complete; most version-specific features are present, but some are missing.
ERROR: 0:37: 'outbname' :  left of '[' is not of type array, matrix, or vector  
ERROR: 0:37: 'scalar swizzle' : not supported with this profile: es
ERROR: 0:37: 'uns' : illegal vector field selection 
ERROR: 0:37: 'scalar swizzle' : not supported with this profile: es
ERROR: 0:38: 'outbname' :  left of '[' is not of type array, matrix, or vector  
ERROR: 0:38: 'scalar swizzle' : not supported with this profile: es
ERROR: 0:38: 'uns' : illegal vector field selection 
ERROR: 0:38: 'scalar swizzle' : not supported with this profile: es
ERROR: 0:39: 'outnames' :  left of '[' is not of type array, matrix, or vector  
ERROR: 0:39: 'scalar swizzle' : not supported with this profile: es
ERROR: 0:39: 'va' : illegal vector field selection 
ERROR: 0:39: 'outbname' :  left of '[' is not of type array, matrix, or vector  
ERROR: 0:39: 'scalar swizzle' : not supported with this profile: es
ERROR: 0:39: 'uns' : illegal vector field selection 
ERROR: 0:39: 'scalar swizzle' : not supported with this profile: es
ERROR: 0:39: 'assign' :  l-value required (can't modify a const)
ERROR: 0:39: 'assign' :  cannot convert from 'temp 4-component vector of float' to 'const float'
ERROR: 0:46: 'imageStore' : no matching overloaded function found 
ERROR: 18 compilation errors.  No code generated.


