
Top IR:
; ModuleID = 'Glslang'

%gl_PerVertex = type { <4 x float>, float, [1 x float] }
%gl_PerVertex.0 = type { <4 x float>, float, [1 x float] }

@gl_in = global [32 x %gl_PerVertex] zeroinitializer
@gl_PatchVerticesIn = global i32 0
@gl_PrimitiveID = global i32 0
@gl_InvocationID = global i32 0
@gl_out = global [4 x %gl_PerVertex.0] zeroinitializer
@gl_TessLevelOuter = global [4 x float] zeroinitializer
@gl_TessLevelInner = global [2 x float] zeroinitializer
@outa = internal global [4 x i32] zeroinitializer
@patchOut = global <4 x float> zeroinitializer
@inb = global [32 x <2 x float>] zeroinitializer
@ind = global [32 x <2 x float>] zeroinitializer
@ivla = global [32 x <4 x float>] zeroinitializer
@ivlb = global [32 x <4 x float>] zeroinitializer
@ovla = global [4 x <4 x float>] zeroinitializer
@ovlb = global [4 x <4 x float>] zeroinitializer

define fastcc void @main() {
entry:
  %iid = alloca i32
  %pid = alloca i32
  %pvi = alloca i32
  %cd = alloca float
  %ps = alloca float
  %p = alloca <4 x float>
  %a = alloca i32
  br label %mainBody

mainBody:                                         ; preds = %entry
  call void @llvm.gla.barrier()
  store i32 5392, i32* %a
  %p1 = load <4 x float>* getelementptr inbounds ([32 x %gl_PerVertex]* @gl_in, i32 0, i32 1, i32 0)
  store <4 x float> %p1, <4 x float>* %p
  %ps2 = load float* getelementptr inbounds ([32 x %gl_PerVertex]* @gl_in, i32 0, i32 1, i32 1)
  store float %ps2, float* %ps
  %cd3 = load float* getelementptr ([32 x %gl_PerVertex]* @gl_in, i32 0, i32 1, i32 2, i32 2)
  store float %cd3, float* %cd
  %pvi4 = load i32* @gl_PatchVerticesIn
  store i32 %pvi4, i32* %pvi
  %pid5 = load i32* @gl_PrimitiveID
  store i32 %pid5, i32* %pid
  %iid6 = load i32* @gl_InvocationID
  store i32 %iid6, i32* %iid
  %0 = load i32* @gl_InvocationID
  %1 = load <4 x float>* %p
  %2 = getelementptr [4 x %gl_PerVertex.0]* @gl_out, i32 0, i32 %0, i32 0
  store <4 x float> %1, <4 x float>* %2
  %3 = load i32* @gl_InvocationID
  %4 = load float* %ps
  %5 = getelementptr [4 x %gl_PerVertex.0]* @gl_out, i32 0, i32 %3, i32 1
  store float %4, float* %5
  %6 = load i32* @gl_InvocationID
  %7 = load float* %cd
  %8 = getelementptr [4 x %gl_PerVertex.0]* @gl_out, i32 0, i32 %6, i32 2, i32 1
  store float %7, float* %8
  store float 0x40099999A0000000, float* getelementptr inbounds ([4 x float]* @gl_TessLevelOuter, i32 0, i32 3)
  store float 0x3FF4CCCCC0000000, float* getelementptr inbounds ([2 x float]* @gl_TessLevelInner, i32 0, i32 1)
  br label %stage-epilogue

stage-epilogue:                                   ; preds = %mainBody
  br label %stage-exit

stage-exit:                                       ; preds = %stage-epilogue
  ret void
}

; Function Attrs: nounwind
declare void @llvm.gla.barrier() #0

attributes #0 = { nounwind }

!gla.numVertices = !{!0}
!gla.entrypoint = !{!1}
!gla.inputs = !{!2, !12, !14, !16, !18, !20, !22, !24}
!gla.outputs = !{!26, !28, !30, !32, !34, !35}
!gla.noStaticUse = !{!32, !18, !20, !22, !24, !34, !35}

!0 = metadata !{i32 4}
!1 = metadata !{metadata !"main", i32 17}
!2 = metadata !{metadata !"gl_in", i32 19, [32 x %gl_PerVertex]* @gl_in_typeProxy, metadata !3, metadata !4}
!3 = metadata !{i32 0, i32 0, i32 1024, null, i32 0, i32 0, i32 -1, i32 0, i32 -1}
!4 = metadata !{metadata !"gl_PerVertex", metadata !5, metadata !"gl_Position", metadata !6, metadata !"gl_PointSize", metadata !8, metadata !"gl_ClipDistance", metadata !10}
!5 = metadata !{i32 0, i32 0, i32 1024, null, i32 -1, i32 0, i32 -1, i32 0, i32 -1}
!6 = metadata !{metadata !"", metadata !7}
!7 = metadata !{i32 0, i32 0, i32 1024, null, i32 -1, i32 9, i32 -1, i32 0, i32 -1}
!8 = metadata !{metadata !"", metadata !9}
!9 = metadata !{i32 0, i32 0, i32 1024, null, i32 -1, i32 10, i32 -1, i32 0, i32 -1}
!10 = metadata !{metadata !"", metadata !11}
!11 = metadata !{i32 0, i32 0, i32 1024, null, i32 -1, i32 12, i32 -1, i32 0, i32 -1}
!12 = metadata !{metadata !"gl_PatchVerticesIn", i32 1, i32* @gl_PatchVerticesIn_typeProxy, metadata !13}
!13 = metadata !{i32 0, i32 0, i32 1120, null, i32 0, i32 34, i32 -1, i32 0, i32 -1}
!14 = metadata !{metadata !"gl_PrimitiveID", i32 1, i32* @gl_PrimitiveID_typeProxy, metadata !15}
!15 = metadata !{i32 0, i32 0, i32 1121, null, i32 0, i32 31, i32 -1, i32 0, i32 -1}
!16 = metadata !{metadata !"gl_InvocationID", i32 1, i32* @gl_InvocationID_typeProxy, metadata !17}
!17 = metadata !{i32 0, i32 0, i32 1122, null, i32 0, i32 30, i32 -1, i32 0, i32 -1}
!18 = metadata !{metadata !"inb", i32 1, [32 x <2 x float>]* @inb_typeProxy, metadata !19}
!19 = metadata !{i32 0, i32 0, i32 1142, null, i32 0, i32 0, i32 -1, i32 0, i32 -1}
!20 = metadata !{metadata !"ind", i32 1, [32 x <2 x float>]* @ind_typeProxy, metadata !21}
!21 = metadata !{i32 0, i32 0, i32 1174, null, i32 0, i32 0, i32 -1, i32 0, i32 -1}
!22 = metadata !{metadata !"ivla", i32 1, [32 x <4 x float>]* @ivla_typeProxy, metadata !23}
!23 = metadata !{i32 0, i32 0, i32 3, null, i32 0, i32 0, i32 -1, i32 0, i32 -1}
!24 = metadata !{metadata !"ivlb", i32 1, [32 x <4 x float>]* @ivlb_typeProxy, metadata !25}
!25 = metadata !{i32 0, i32 0, i32 4, null, i32 0, i32 0, i32 -1, i32 0, i32 -1}
!26 = metadata !{metadata !"gl_out", i32 18, [4 x %gl_PerVertex.0]* @gl_out_typeProxy, metadata !27, metadata !4}
!27 = metadata !{i32 0, i32 0, i32 1123, null, i32 0, i32 0, i32 -1, i32 0, i32 -1}
!28 = metadata !{metadata !"gl_TessLevelOuter", i32 9, [4 x float]* @gl_TessLevelOuter_typeProxy, metadata !29}
!29 = metadata !{i32 0, i32 0, i32 1135, null, i32 3, i32 35, i32 -1, i32 0, i32 -1}
!30 = metadata !{metadata !"gl_TessLevelInner", i32 9, [2 x float]* @gl_TessLevelInner_typeProxy, metadata !31}
!31 = metadata !{i32 0, i32 0, i32 1139, null, i32 3, i32 36, i32 -1, i32 0, i32 -1}
!32 = metadata !{metadata !"patchOut", i32 9, <4 x float>* @patchOut_typeProxy, metadata !33}
!33 = metadata !{i32 0, i32 0, i32 1141, null, i32 3, i32 0, i32 -1, i32 0, i32 -1}
!34 = metadata !{metadata !"ovla", i32 9, [4 x <4 x float>]* @ovla_typeProxy, metadata !23}
!35 = metadata !{metadata !"ovlb", i32 9, [4 x <4 x float>]* @ovlb_typeProxy, metadata !25}


Bottom IR:
; ModuleID = 'Glslang'

%gl_PerVertex = type { <4 x float>, float, [1 x float] }
%gl_PerVertex.0 = type { <4 x float>, float, [1 x float] }

@gl_in = global [32 x %gl_PerVertex] zeroinitializer
@gl_PatchVerticesIn = global i32 0
@gl_PrimitiveID = global i32 0
@gl_InvocationID = global i32 0
@gl_out = global [4 x %gl_PerVertex.0] zeroinitializer
@gl_TessLevelOuter = global [4 x float] zeroinitializer
@gl_TessLevelInner = global [2 x float] zeroinitializer
@patchOut = global <4 x float> zeroinitializer
@inb = global [32 x <2 x float>] zeroinitializer
@ind = global [32 x <2 x float>] zeroinitializer
@ivla = global [32 x <4 x float>] zeroinitializer
@ivlb = global [32 x <4 x float>] zeroinitializer
@ovla = global [4 x <4 x float>] zeroinitializer
@ovlb = global [4 x <4 x float>] zeroinitializer

define fastcc void @main() {
entry:
  call void @llvm.gla.barrier()
  %gla_constGEP = getelementptr [32 x %gl_PerVertex]* @gl_in, i32 0, i32 1, i32 0
  %p1 = load <4 x float>* %gla_constGEP, align 16
  %gla_constGEP7 = getelementptr [32 x %gl_PerVertex]* @gl_in, i32 0, i32 1, i32 1
  %ps2 = load float* %gla_constGEP7, align 16
  %cd3 = load float* getelementptr ([32 x %gl_PerVertex]* @gl_in, i32 0, i32 1, i32 2, i32 2), align 4
  %0 = load i32* @gl_InvocationID, align 4
  %1 = getelementptr [4 x %gl_PerVertex.0]* @gl_out, i32 0, i32 %0, i32 0
  store <4 x float> %p1, <4 x float>* %1, align 16
  %2 = getelementptr [4 x %gl_PerVertex.0]* @gl_out, i32 0, i32 %0, i32 1
  store float %ps2, float* %2, align 16
  %3 = getelementptr [4 x %gl_PerVertex.0]* @gl_out, i32 0, i32 %0, i32 2, i32 1
  store float %cd3, float* %3, align 4
  %gla_constGEP8 = getelementptr [4 x float]* @gl_TessLevelOuter, i32 0, i32 3
  store float 0x40099999A0000000, float* %gla_constGEP8, align 4
  %gla_constGEP9 = getelementptr [2 x float]* @gl_TessLevelInner, i32 0, i32 1
  store float 0x3FF4CCCCC0000000, float* %gla_constGEP9, align 4
  br label %stage-epilogue

stage-epilogue:                                   ; preds = %entry
  br label %stage-exit

stage-exit:                                       ; preds = %stage-epilogue
  ret void
}

; Function Attrs: nounwind
declare void @llvm.gla.barrier() #0

attributes #0 = { nounwind }

!gla.numVertices = !{!0}
!gla.entrypoint = !{!1}
!gla.inputs = !{!2, !12, !14, !16, !18, !20, !22, !24}
!gla.outputs = !{!26, !28, !30, !32, !34, !35}
!gla.noStaticUse = !{!32, !18, !20, !22, !24, !34, !35}

!0 = metadata !{i32 4}
!1 = metadata !{metadata !"main", i32 17}
!2 = metadata !{metadata !"gl_in", i32 19, [32 x %gl_PerVertex]* @gl_in_typeProxy, metadata !3, metadata !4}
!3 = metadata !{i32 0, i32 0, i32 1024, null, i32 0, i32 0, i32 -1, i32 0, i32 -1}
!4 = metadata !{metadata !"gl_PerVertex", metadata !5, metadata !"gl_Position", metadata !6, metadata !"gl_PointSize", metadata !8, metadata !"gl_ClipDistance", metadata !10}
!5 = metadata !{i32 0, i32 0, i32 1024, null, i32 -1, i32 0, i32 -1, i32 0, i32 -1}
!6 = metadata !{metadata !"", metadata !7}
!7 = metadata !{i32 0, i32 0, i32 1024, null, i32 -1, i32 9, i32 -1, i32 0, i32 -1}
!8 = metadata !{metadata !"", metadata !9}
!9 = metadata !{i32 0, i32 0, i32 1024, null, i32 -1, i32 10, i32 -1, i32 0, i32 -1}
!10 = metadata !{metadata !"", metadata !11}
!11 = metadata !{i32 0, i32 0, i32 1024, null, i32 -1, i32 12, i32 -1, i32 0, i32 -1}
!12 = metadata !{metadata !"gl_PatchVerticesIn", i32 1, i32* @gl_PatchVerticesIn_typeProxy, metadata !13}
!13 = metadata !{i32 0, i32 0, i32 1120, null, i32 0, i32 34, i32 -1, i32 0, i32 -1}
!14 = metadata !{metadata !"gl_PrimitiveID", i32 1, i32* @gl_PrimitiveID_typeProxy, metadata !15}
!15 = metadata !{i32 0, i32 0, i32 1121, null, i32 0, i32 31, i32 -1, i32 0, i32 -1}
!16 = metadata !{metadata !"gl_InvocationID", i32 1, i32* @gl_InvocationID_typeProxy, metadata !17}
!17 = metadata !{i32 0, i32 0, i32 1122, null, i32 0, i32 30, i32 -1, i32 0, i32 -1}
!18 = metadata !{metadata !"inb", i32 1, [32 x <2 x float>]* @inb_typeProxy, metadata !19}
!19 = metadata !{i32 0, i32 0, i32 1142, null, i32 0, i32 0, i32 -1, i32 0, i32 -1}
!20 = metadata !{metadata !"ind", i32 1, [32 x <2 x float>]* @ind_typeProxy, metadata !21}
!21 = metadata !{i32 0, i32 0, i32 1174, null, i32 0, i32 0, i32 -1, i32 0, i32 -1}
!22 = metadata !{metadata !"ivla", i32 1, [32 x <4 x float>]* @ivla_typeProxy, metadata !23}
!23 = metadata !{i32 0, i32 0, i32 3, null, i32 0, i32 0, i32 -1, i32 0, i32 -1}
!24 = metadata !{metadata !"ivlb", i32 1, [32 x <4 x float>]* @ivlb_typeProxy, metadata !25}
!25 = metadata !{i32 0, i32 0, i32 4, null, i32 0, i32 0, i32 -1, i32 0, i32 -1}
!26 = metadata !{metadata !"gl_out", i32 18, [4 x %gl_PerVertex.0]* @gl_out_typeProxy, metadata !27, metadata !4}
!27 = metadata !{i32 0, i32 0, i32 1123, null, i32 0, i32 0, i32 -1, i32 0, i32 -1}
!28 = metadata !{metadata !"gl_TessLevelOuter", i32 9, [4 x float]* @gl_TessLevelOuter_typeProxy, metadata !29}
!29 = metadata !{i32 0, i32 0, i32 1135, null, i32 3, i32 35, i32 -1, i32 0, i32 -1}
!30 = metadata !{metadata !"gl_TessLevelInner", i32 9, [2 x float]* @gl_TessLevelInner_typeProxy, metadata !31}
!31 = metadata !{i32 0, i32 0, i32 1139, null, i32 3, i32 36, i32 -1, i32 0, i32 -1}
!32 = metadata !{metadata !"patchOut", i32 9, <4 x float>* @patchOut_typeProxy, metadata !33}
!33 = metadata !{i32 0, i32 0, i32 1141, null, i32 3, i32 0, i32 -1, i32 0, i32 -1}
!34 = metadata !{metadata !"ovla", i32 9, [4 x <4 x float>]* @ovla_typeProxy, metadata !23}
!35 = metadata !{metadata !"ovlb", i32 9, [4 x <4 x float>]* @ovlb_typeProxy, metadata !25}
#version 400 core
// LunarGOO output
#extension GL_ARB_separate_shader_objects : enable
layout(vertices = 4) out;
in gl_PerVertex {
	vec4 gl_Position;
	float gl_PointSize;
	float gl_ClipDistance[1];
} gl_in[32];
in vec2 inb[32];
in vec2 ind[32];
layout(location=3) in vec4 ivla[32];
layout(location=4) in vec4 ivlb[32];
out gl_PerVertex {
	vec4 gl_Position;
	float gl_PointSize;
	float gl_ClipDistance[1];
} gl_out[4];
patch out vec4 patchOut;
layout(location=3) out vec4 ovla[4];
layout(location=4) out vec4 ovlb[4];
const float C_3d2 = 3.2;
const float C_1d3 = 1.3;

void main()
{
	barrier();
	gl_out[gl_InvocationID].gl_Position = gl_in[1].gl_Position;
	gl_out[gl_InvocationID].gl_PointSize = gl_in[1].gl_PointSize;
	gl_out[gl_InvocationID].gl_ClipDistance[1] = gl_in[1].gl_ClipDistance[2];
	gl_TessLevelOuter[3] = C_3d2;
	gl_TessLevelInner[1] = C_1d3;
	
}

#version 400 core
// LunarGOO output
#extension GL_ARB_separate_shader_objects : enable
layout(vertices = 4) out;
in gl_PerVertex {
	vec4 gl_Position;
	float gl_PointSize;
	float gl_ClipDistance[1];
} gl_in[32];
in vec2 inb[32];
in vec2 ind[32];
layout(location=3) in vec4 ivla[32];
layout(location=4) in vec4 ivlb[32];
out gl_PerVertex {
	vec4 gl_Position;
	float gl_PointSize;
	float gl_ClipDistance[1];
} gl_out[4];
patch out vec4 patchOut;
layout(location=3) out vec4 ovla[4];
layout(location=4) out vec4 ovlb[4];
const float C_3d2 = 3.2;
const float C_1d3 = 1.3;

void main()
{
	barrier();
	gl_out[gl_InvocationID].gl_Position = gl_in[1].gl_Position;
	gl_out[gl_InvocationID].gl_PointSize = gl_in[1].gl_PointSize;
	gl_out[gl_InvocationID].gl_ClipDistance[1] = gl_in[1].gl_ClipDistance[2];
	gl_TessLevelOuter[3] = C_3d2;
	gl_TessLevelInner[1] = C_1d3;
	
}

