
Top IR:
; ModuleID = 'Glslang'

%gl_PerVertex = type { <4 x float>, float, [1 x float] }
%gl_PerVertex.0 = type { <4 x float>, float, [3 x float] }
%testblb = type { i32 }
%testbld = type { i32 }

@gl_in = global [32 x %gl_PerVertex] zeroinitializer
@gl_PatchVerticesIn = global i32 0
@gl_PrimitiveID = global i32 0
@gl_TessCoord = global <3 x float> zeroinitializer
@gl_TessLevelOuter = global [4 x float] zeroinitializer
@gl_TessLevelInner = global [2 x float] zeroinitializer
@"anon@0" = global %gl_PerVertex.0 zeroinitializer
@patchIn = global <4 x float> zeroinitializer
@inb = global [32 x <2 x float>] zeroinitializer
@ind = global [32 x <2 x float>] zeroinitializer
@blb = global [32 x %testblb] zeroinitializer
@bld = global [32 x %testbld] zeroinitializer
@ivla = global [32 x <4 x float>] zeroinitializer
@ivlb = global [32 x <4 x float>] zeroinitializer
@ovla = global [2 x <4 x float>] zeroinitializer

define fastcc void @main() {
entry:
  %tli = alloca float
  %tlo = alloca float
  %tc = alloca <3 x float>
  %pid = alloca i32
  %pvi = alloca i32
  %cd = alloca float
  %ps = alloca float
  %p = alloca <4 x float>
  %a = alloca i32
  br label %mainBody

mainBody:                                         ; preds = %entry
  store i32 1512, i32* %a
  %p1 = load <4 x float>* getelementptr inbounds ([32 x %gl_PerVertex]* @gl_in, i32 0, i32 1, i32 0)
  store <4 x float> %p1, <4 x float>* %p
  %ps2 = load float* getelementptr inbounds ([32 x %gl_PerVertex]* @gl_in, i32 0, i32 1, i32 1)
  store float %ps2, float* %ps
  %cd3 = load float* getelementptr ([32 x %gl_PerVertex]* @gl_in, i32 0, i32 1, i32 2, i32 2)
  store float %cd3, float* %cd
  %pvi4 = load i32* @gl_PatchVerticesIn
  store i32 %pvi4, i32* %pvi
  %pid5 = load i32* @gl_PrimitiveID
  store i32 %pid5, i32* %pid
  %tc6 = load <3 x float>* @gl_TessCoord
  store <3 x float> %tc6, <3 x float>* %tc
  %tlo7 = load float* getelementptr inbounds ([4 x float]* @gl_TessLevelOuter, i32 0, i32 3)
  store float %tlo7, float* %tlo
  %tli8 = load float* getelementptr inbounds ([2 x float]* @gl_TessLevelInner, i32 0, i32 1)
  store float %tli8, float* %tli
  %0 = load <4 x float>* %p
  store <4 x float> %0, <4 x float>* getelementptr inbounds (%gl_PerVertex.0* @"anon@0", i32 0, i32 0)
  %1 = load float* %ps
  store float %1, float* getelementptr inbounds (%gl_PerVertex.0* @"anon@0", i32 0, i32 1)
  %2 = load float* %cd
  store float %2, float* getelementptr inbounds (%gl_PerVertex.0* @"anon@0", i32 0, i32 2, i32 2)
  br label %stage-epilogue

stage-epilogue:                                   ; preds = %mainBody
  br label %stage-exit

stage-exit:                                       ; preds = %stage-epilogue
  ret void
}

!gla.inputPrimitive = !{!0}
!gla.vertexSpacing = !{!1}
!gla.vertexOrder = !{!2}
!gla.pointMode = !{!3}
!gla.entrypoint = !{!4}
!gla.inputs = !{!5, !15, !17, !19, !21, !23, !25, !27, !29, !31, !35, !38, !40}
!gla.outputs = !{!42, !44}
!gla.noStaticUse = !{!25, !27, !29, !31, !35, !38, !40, !44}

!0 = metadata !{i32 5}
!1 = metadata !{i32 3}
!2 = metadata !{i32 2}
!3 = metadata !{i32 1}
!4 = metadata !{metadata !"main", i32 15}
!5 = metadata !{metadata !"gl_in", i32 17, [32 x %gl_PerVertex]* @gl_in_typeProxy, metadata !6, metadata !7}
!6 = metadata !{i32 0, i32 0, i32 1024, null, i32 0, i32 0, i32 -1, i32 0}
!7 = metadata !{metadata !"gl_PerVertex", metadata !8, metadata !"gl_Position", metadata !9, metadata !"gl_PointSize", metadata !11, metadata !"gl_ClipDistance", metadata !13}
!8 = metadata !{i32 0, i32 0, i32 1024, null, i32 -1, i32 0, i32 -1, i32 0}
!9 = metadata !{metadata !"", metadata !10}
!10 = metadata !{i32 0, i32 0, i32 1024, null, i32 -1, i32 9, i32 -1, i32 0}
!11 = metadata !{metadata !"", metadata !12}
!12 = metadata !{i32 0, i32 0, i32 1024, null, i32 -1, i32 10, i32 -1, i32 0}
!13 = metadata !{metadata !"", metadata !14}
!14 = metadata !{i32 0, i32 0, i32 1024, null, i32 -1, i32 12, i32 -1, i32 0}
!15 = metadata !{metadata !"gl_PatchVerticesIn", i32 1, i32* @gl_PatchVerticesIn_typeProxy, metadata !16}
!16 = metadata !{i32 0, i32 0, i32 1120, null, i32 0, i32 34, i32 -1, i32 0}
!17 = metadata !{metadata !"gl_PrimitiveID", i32 1, i32* @gl_PrimitiveID_typeProxy, metadata !18}
!18 = metadata !{i32 0, i32 0, i32 1121, null, i32 0, i32 31, i32 -1, i32 0}
!19 = metadata !{metadata !"gl_TessCoord", i32 1, <3 x float>* @gl_TessCoord_typeProxy, metadata !20}
!20 = metadata !{i32 0, i32 0, i32 1122, null, i32 0, i32 37, i32 -1, i32 0}
!21 = metadata !{metadata !"gl_TessLevelOuter", i32 1, [4 x float]* @gl_TessLevelOuter_typeProxy, metadata !22}
!22 = metadata !{i32 0, i32 0, i32 1123, null, i32 3, i32 35, i32 -1, i32 0}
!23 = metadata !{metadata !"gl_TessLevelInner", i32 1, [2 x float]* @gl_TessLevelInner_typeProxy, metadata !24}
!24 = metadata !{i32 0, i32 0, i32 1127, null, i32 3, i32 36, i32 -1, i32 0}
!25 = metadata !{metadata !"patchIn", i32 1, <4 x float>* @patchIn_typeProxy, metadata !26}
!26 = metadata !{i32 0, i32 0, i32 1134, null, i32 3, i32 0, i32 -1, i32 0}
!27 = metadata !{metadata !"inb", i32 1, [32 x <2 x float>]* @inb_typeProxy, metadata !28}
!28 = metadata !{i32 0, i32 0, i32 1135, null, i32 0, i32 0, i32 -1, i32 0}
!29 = metadata !{metadata !"ind", i32 1, [32 x <2 x float>]* @ind_typeProxy, metadata !30}
!30 = metadata !{i32 0, i32 0, i32 1167, null, i32 0, i32 0, i32 -1, i32 0}
!31 = metadata !{metadata !"blb", i32 17, [32 x %testblb]* @blb_typeProxy, metadata !32, metadata !33}
!32 = metadata !{i32 0, i32 0, i32 1199, null, i32 0, i32 0, i32 -1, i32 0}
!33 = metadata !{metadata !"testblb", metadata !8, metadata !"f", metadata !34}
!34 = metadata !{metadata !"", metadata !8}
!35 = metadata !{metadata !"bld", i32 17, [32 x %testbld]* @bld_typeProxy, metadata !36, metadata !37}
!36 = metadata !{i32 0, i32 0, i32 1231, null, i32 0, i32 0, i32 -1, i32 0}
!37 = metadata !{metadata !"testbld", metadata !8, metadata !"f", metadata !34}
!38 = metadata !{metadata !"ivla", i32 1, [32 x <4 x float>]* @ivla_typeProxy, metadata !39}
!39 = metadata !{i32 0, i32 0, i32 23, null, i32 0, i32 0, i32 -1, i32 0}
!40 = metadata !{metadata !"ivlb", i32 1, [32 x <4 x float>]* @ivlb_typeProxy, metadata !41}
!41 = metadata !{i32 0, i32 0, i32 24, null, i32 0, i32 0, i32 -1, i32 0}
!42 = metadata !{metadata !"", i32 16, %gl_PerVertex.0* @"anon@0_typeProxy", metadata !43, metadata !7}
!43 = metadata !{i32 0, i32 0, i32 1129, null, i32 0, i32 0, i32 -1, i32 0}
!44 = metadata !{metadata !"ovla", i32 7, [2 x <4 x float>]* @ovla_typeProxy, metadata !39}


Bottom IR:
; ModuleID = 'Glslang'

%gl_PerVertex = type { <4 x float>, float, [1 x float] }
%gl_PerVertex.0 = type { <4 x float>, float, [3 x float] }
%testblb = type { i32 }
%testbld = type { i32 }

@gl_in = global [32 x %gl_PerVertex] zeroinitializer
@gl_PatchVerticesIn = global i32 0
@gl_PrimitiveID = global i32 0
@gl_TessCoord = global <3 x float> zeroinitializer
@gl_TessLevelOuter = global [4 x float] zeroinitializer
@gl_TessLevelInner = global [2 x float] zeroinitializer
@"anon@0" = global %gl_PerVertex.0 zeroinitializer
@patchIn = global <4 x float> zeroinitializer
@inb = global [32 x <2 x float>] zeroinitializer
@ind = global [32 x <2 x float>] zeroinitializer
@blb = global [32 x %testblb] zeroinitializer
@bld = global [32 x %testbld] zeroinitializer
@ivla = global [32 x <4 x float>] zeroinitializer
@ivlb = global [32 x <4 x float>] zeroinitializer
@ovla = global [2 x <4 x float>] zeroinitializer

define fastcc void @main() {
entry:
  %gla_constGEP = getelementptr [32 x %gl_PerVertex]* @gl_in, i32 0, i32 1, i32 0
  %p1 = load <4 x float>* %gla_constGEP, align 16
  %gla_constGEP9 = getelementptr [32 x %gl_PerVertex]* @gl_in, i32 0, i32 1, i32 1
  %ps2 = load float* %gla_constGEP9, align 16
  %cd3 = load float* getelementptr ([32 x %gl_PerVertex]* @gl_in, i32 0, i32 1, i32 2, i32 2), align 4
  %gla_constGEP10 = getelementptr %gl_PerVertex.0* @"anon@0", i32 0, i32 0
  store <4 x float> %p1, <4 x float>* %gla_constGEP10, align 16
  %gla_constGEP11 = getelementptr %gl_PerVertex.0* @"anon@0", i32 0, i32 1
  store float %ps2, float* %gla_constGEP11, align 16
  %gla_constGEP12 = getelementptr %gl_PerVertex.0* @"anon@0", i32 0, i32 2, i32 2
  store float %cd3, float* %gla_constGEP12, align 4
  br label %stage-epilogue

stage-epilogue:                                   ; preds = %entry
  br label %stage-exit

stage-exit:                                       ; preds = %stage-epilogue
  ret void
}

!gla.inputPrimitive = !{!0}
!gla.vertexSpacing = !{!1}
!gla.vertexOrder = !{!2}
!gla.pointMode = !{!3}
!gla.entrypoint = !{!4}
!gla.inputs = !{!5, !15, !17, !19, !21, !23, !25, !27, !29, !31, !35, !38, !40}
!gla.outputs = !{!42, !44}
!gla.noStaticUse = !{!25, !27, !29, !31, !35, !38, !40, !44}

!0 = metadata !{i32 5}
!1 = metadata !{i32 3}
!2 = metadata !{i32 2}
!3 = metadata !{i32 1}
!4 = metadata !{metadata !"main", i32 15}
!5 = metadata !{metadata !"gl_in", i32 17, [32 x %gl_PerVertex]* @gl_in_typeProxy, metadata !6, metadata !7}
!6 = metadata !{i32 0, i32 0, i32 1024, null, i32 0, i32 0, i32 -1, i32 0}
!7 = metadata !{metadata !"gl_PerVertex", metadata !8, metadata !"gl_Position", metadata !9, metadata !"gl_PointSize", metadata !11, metadata !"gl_ClipDistance", metadata !13}
!8 = metadata !{i32 0, i32 0, i32 1024, null, i32 -1, i32 0, i32 -1, i32 0}
!9 = metadata !{metadata !"", metadata !10}
!10 = metadata !{i32 0, i32 0, i32 1024, null, i32 -1, i32 9, i32 -1, i32 0}
!11 = metadata !{metadata !"", metadata !12}
!12 = metadata !{i32 0, i32 0, i32 1024, null, i32 -1, i32 10, i32 -1, i32 0}
!13 = metadata !{metadata !"", metadata !14}
!14 = metadata !{i32 0, i32 0, i32 1024, null, i32 -1, i32 12, i32 -1, i32 0}
!15 = metadata !{metadata !"gl_PatchVerticesIn", i32 1, i32* @gl_PatchVerticesIn_typeProxy, metadata !16}
!16 = metadata !{i32 0, i32 0, i32 1120, null, i32 0, i32 34, i32 -1, i32 0}
!17 = metadata !{metadata !"gl_PrimitiveID", i32 1, i32* @gl_PrimitiveID_typeProxy, metadata !18}
!18 = metadata !{i32 0, i32 0, i32 1121, null, i32 0, i32 31, i32 -1, i32 0}
!19 = metadata !{metadata !"gl_TessCoord", i32 1, <3 x float>* @gl_TessCoord_typeProxy, metadata !20}
!20 = metadata !{i32 0, i32 0, i32 1122, null, i32 0, i32 37, i32 -1, i32 0}
!21 = metadata !{metadata !"gl_TessLevelOuter", i32 1, [4 x float]* @gl_TessLevelOuter_typeProxy, metadata !22}
!22 = metadata !{i32 0, i32 0, i32 1123, null, i32 3, i32 35, i32 -1, i32 0}
!23 = metadata !{metadata !"gl_TessLevelInner", i32 1, [2 x float]* @gl_TessLevelInner_typeProxy, metadata !24}
!24 = metadata !{i32 0, i32 0, i32 1127, null, i32 3, i32 36, i32 -1, i32 0}
!25 = metadata !{metadata !"patchIn", i32 1, <4 x float>* @patchIn_typeProxy, metadata !26}
!26 = metadata !{i32 0, i32 0, i32 1134, null, i32 3, i32 0, i32 -1, i32 0}
!27 = metadata !{metadata !"inb", i32 1, [32 x <2 x float>]* @inb_typeProxy, metadata !28}
!28 = metadata !{i32 0, i32 0, i32 1135, null, i32 0, i32 0, i32 -1, i32 0}
!29 = metadata !{metadata !"ind", i32 1, [32 x <2 x float>]* @ind_typeProxy, metadata !30}
!30 = metadata !{i32 0, i32 0, i32 1167, null, i32 0, i32 0, i32 -1, i32 0}
!31 = metadata !{metadata !"blb", i32 17, [32 x %testblb]* @blb_typeProxy, metadata !32, metadata !33}
!32 = metadata !{i32 0, i32 0, i32 1199, null, i32 0, i32 0, i32 -1, i32 0}
!33 = metadata !{metadata !"testblb", metadata !8, metadata !"f", metadata !34}
!34 = metadata !{metadata !"", metadata !8}
!35 = metadata !{metadata !"bld", i32 17, [32 x %testbld]* @bld_typeProxy, metadata !36, metadata !37}
!36 = metadata !{i32 0, i32 0, i32 1231, null, i32 0, i32 0, i32 -1, i32 0}
!37 = metadata !{metadata !"testbld", metadata !8, metadata !"f", metadata !34}
!38 = metadata !{metadata !"ivla", i32 1, [32 x <4 x float>]* @ivla_typeProxy, metadata !39}
!39 = metadata !{i32 0, i32 0, i32 23, null, i32 0, i32 0, i32 -1, i32 0}
!40 = metadata !{metadata !"ivlb", i32 1, [32 x <4 x float>]* @ivlb_typeProxy, metadata !41}
!41 = metadata !{i32 0, i32 0, i32 24, null, i32 0, i32 0, i32 -1, i32 0}
!42 = metadata !{metadata !"", i32 16, %gl_PerVertex.0* @"anon@0_typeProxy", metadata !43, metadata !7}
!43 = metadata !{i32 0, i32 0, i32 1129, null, i32 0, i32 0, i32 -1, i32 0}
!44 = metadata !{metadata !"ovla", i32 7, [2 x <4 x float>]* @ovla_typeProxy, metadata !39}
#version 400 core
// LunarGOO output
#extension GL_ARB_separate_shader_objects : enable
layout(triangles, ccw) in;
layout(fractional_odd_spacing) in;
layout(point_mode) in;
in gl_PerVertex {
	vec4 gl_Position;
	float gl_PointSize;
	float gl_ClipDistance[1];
} gl_in[32];
patch in vec4 patchIn;
in vec2 inb[32];
in vec2 ind[32];
in testblb {
	int f;
} blb[32];
in testbld {
	int f;
} bld[32];
layout(location=23) in vec4 ivla[32];
layout(location=24) in vec4 ivlb[32];
out gl_PerVertex {
	vec4 gl_Position;
	float gl_PointSize;
	float gl_ClipDistance[3];
} ;
layout(location=23) out vec4 ovla[2];

void main()
{
	gl_Position = gl_in[1].gl_Position;
	gl_PointSize = gl_in[1].gl_PointSize;
	gl_ClipDistance[2] = gl_in[1].gl_ClipDistance[2];
	
}

#version 400 core
// LunarGOO output
#extension GL_ARB_separate_shader_objects : enable
layout(triangles, ccw) in;
layout(fractional_odd_spacing) in;
layout(point_mode) in;
in gl_PerVertex {
	vec4 gl_Position;
	float gl_PointSize;
	float gl_ClipDistance[1];
} gl_in[32];
patch in vec4 patchIn;
in vec2 inb[32];
in vec2 ind[32];
in testblb {
	int f;
} blb[32];
in testbld {
	int f;
} bld[32];
layout(location=23) in vec4 ivla[32];
layout(location=24) in vec4 ivlb[32];
out gl_PerVertex {
	vec4 gl_Position;
	float gl_PointSize;
	float gl_ClipDistance[3];
} ;
layout(location=23) out vec4 ovla[2];

void main()
{
	gl_Position = gl_in[1].gl_Position;
	gl_PointSize = gl_in[1].gl_PointSize;
	gl_ClipDistance[2] = gl_in[1].gl_ClipDistance[2];
	
}

