
Top IR:
; ModuleID = 'Glslang'

%fromVertex = type { <3 x float>, i32, i32 }
%fromVertex.0 = type { <3 x float> }
%gl_PerVertex = type { <4 x float>, float }
%gl_PerVertex.1 = type { <4 x float>, float }
%toFragment = type { <3 x float> }

@"anon@0" = global %fromVertex zeroinitializer
@fromV = global [4 x %fromVertex.0] zeroinitializer
@centr = global [4 x <3 x float>] zeroinitializer
@"anon@1" = global %gl_PerVertex zeroinitializer
@gl_in = global [4 x %gl_PerVertex.1] zeroinitializer
@gl_PrimitiveID = global i32 0
@gl_PrimitiveIDIn = global i32 0
@gl_Layer = global i32 0
@gl_InvocationID = global i32 0
@nonBlockUnsized = global [4 x <4 x float>] zeroinitializer
@toF = global %toFragment zeroinitializer

define fastcc void @main() {
entry:
  br label %mainBody

mainBody:                                         ; preds = %entry
  call void @llvm.gla.emitVertex()
  call void @llvm.gla.endPrimitive()
  %0 = load <3 x float>* getelementptr inbounds ([4 x %fromVertex.0]* @fromV, i32 0, i32 0, i32 0)
  %1 = load <3 x float>* getelementptr inbounds ([4 x <3 x float>]* @centr, i32 0, i32 1)
  %2 = fadd <3 x float> %0, %1, !gla.precision !40
  store <3 x float> %2, <3 x float>* getelementptr inbounds (%fromVertex* @"anon@0", i32 0, i32 0)
  %3 = load <4 x float>* getelementptr inbounds ([4 x %gl_PerVertex.1]* @gl_in, i32 0, i32 0, i32 0)
  store <4 x float> %3, <4 x float>* getelementptr inbounds (%gl_PerVertex* @"anon@1", i32 0, i32 0)
  %gl_PrimitiveID = load i32* @gl_PrimitiveIDIn
  store i32 %gl_PrimitiveID, i32* @gl_PrimitiveID
  store i32 2, i32* @gl_Layer
  store i32 4, i32* getelementptr inbounds (%fromVertex* @"anon@0", i32 0, i32 1)
  %4 = load i32* @gl_InvocationID
  store i32 %4, i32* getelementptr inbounds (%fromVertex* @"anon@0", i32 0, i32 2)
  call void @"pointSize2("()
  br label %stage-epilogue

stage-epilogue:                                   ; preds = %mainBody
  br label %stage-exit

stage-exit:                                       ; preds = %stage-epilogue
  ret void
}

; Function Attrs: alwaysinline
define internal fastcc void @"pointSize2("() #0 {
entry:
  %ps = alloca float
  %ps1 = load float* getelementptr inbounds ([4 x %gl_PerVertex.1]* @gl_in, i32 0, i32 3, i32 1)
  store float %ps1, float* %ps
  %0 = load float* %ps
  store float %0, float* getelementptr inbounds (%gl_PerVertex* @"anon@1", i32 0, i32 1)
  ret void
}

; Function Attrs: nounwind
declare void @llvm.gla.emitVertex() #1

; Function Attrs: nounwind
declare void @llvm.gla.endPrimitive() #1

attributes #0 = { alwaysinline }
attributes #1 = { nounwind }

!gla.invocations = !{!0}
!gla.numVertices = !{!1}
!gla.inputPrimitive = !{!2}
!gla.outputPrimitive = !{!3}
!gla.entrypoint = !{!4}
!gla.outputs = !{!5, !13, !20, !22, !24}
!gla.inputs = !{!27, !30, !32, !34, !36, !38}
!gla.noStaticUse = !{!38, !24}

!0 = metadata !{i32 4}
!1 = metadata !{i32 200}
!2 = metadata !{i32 3}
!3 = metadata !{i32 7}
!4 = metadata !{metadata !"main", i32 15}
!5 = metadata !{metadata !"", i32 16, %fromVertex* @"anon@0_typeProxy", metadata !6, metadata !7}
!6 = metadata !{i32 0, i32 0, i32 1024, null, i32 0, i32 0, i32 -1, i32 0, i32 -1}
!7 = metadata !{metadata !"fromVertex", metadata !8, metadata !"color", metadata !9, metadata !"len", metadata !11, metadata !"inv", metadata !11}
!8 = metadata !{i32 0, i32 0, i32 1024, null, i32 -1, i32 0, i32 -1, i32 0, i32 -1}
!9 = metadata !{metadata !"", metadata !10}
!10 = metadata !{i32 0, i32 2, i32 1024, null, i32 -1, i32 0, i32 -1, i32 0, i32 -1}
!11 = metadata !{metadata !"", metadata !12}
!12 = metadata !{i32 0, i32 3, i32 1024, null, i32 -1, i32 0, i32 -1, i32 0, i32 -1}
!13 = metadata !{metadata !"", i32 16, %gl_PerVertex* @"anon@1_typeProxy", metadata !14, metadata !15}
!14 = metadata !{i32 0, i32 0, i32 1035, null, i32 0, i32 0, i32 -1, i32 0, i32 -1}
!15 = metadata !{metadata !"gl_PerVertex", metadata !8, metadata !"gl_Position", metadata !16, metadata !"gl_PointSize", metadata !18}
!16 = metadata !{metadata !"", metadata !17}
!17 = metadata !{i32 0, i32 3, i32 1024, null, i32 -1, i32 9, i32 -1, i32 0, i32 -1}
!18 = metadata !{metadata !"", metadata !19}
!19 = metadata !{i32 0, i32 3, i32 1024, null, i32 -1, i32 10, i32 -1, i32 0, i32 -1}
!20 = metadata !{metadata !"gl_PrimitiveID", i32 7, i32* @gl_PrimitiveID_typeProxy, metadata !21}
!21 = metadata !{i32 0, i32 3, i32 1045, null, i32 0, i32 31, i32 -1, i32 0, i32 -1}
!22 = metadata !{metadata !"gl_Layer", i32 7, i32* @gl_Layer_typeProxy, metadata !23}
!23 = metadata !{i32 0, i32 3, i32 1047, null, i32 0, i32 32, i32 -1, i32 0, i32 -1}
!24 = metadata !{metadata !"toF", i32 16, %toFragment* @toF_typeProxy, metadata !25, metadata !26}
!25 = metadata !{i32 0, i32 0, i32 1053, null, i32 0, i32 0, i32 -1, i32 0, i32 -1}
!26 = metadata !{metadata !"toFragment", metadata !8, metadata !"color", metadata !9}
!27 = metadata !{metadata !"fromV", i32 17, [4 x %fromVertex.0]* @fromV_typeProxy, metadata !28, metadata !29}
!28 = metadata !{i32 0, i32 0, i32 1027, null, i32 0, i32 0, i32 -1, i32 0, i32 -1}
!29 = metadata !{metadata !"fromVertex", metadata !8, metadata !"color", metadata !9}
!30 = metadata !{metadata !"centr", i32 1, [4 x <3 x float>]* @centr_typeProxy, metadata !31}
!31 = metadata !{i32 0, i32 2, i32 1031, null, i32 512, i32 0, i32 -1, i32 0, i32 -1}
!32 = metadata !{metadata !"gl_in", i32 17, [4 x %gl_PerVertex.1]* @gl_in_typeProxy, metadata !33, metadata !15}
!33 = metadata !{i32 0, i32 0, i32 1037, null, i32 0, i32 0, i32 -1, i32 0, i32 -1}
!34 = metadata !{metadata !"gl_PrimitiveIDIn", i32 1, i32* @gl_PrimitiveIDIn_typeProxy, metadata !35}
!35 = metadata !{i32 0, i32 3, i32 1046, null, i32 0, i32 31, i32 -1, i32 0, i32 -1}
!36 = metadata !{metadata !"gl_InvocationID", i32 1, i32* @gl_InvocationID_typeProxy, metadata !37}
!37 = metadata !{i32 0, i32 3, i32 1048, null, i32 0, i32 30, i32 -1, i32 0, i32 -1}
!38 = metadata !{metadata !"nonBlockUnsized", i32 1, [4 x <4 x float>]* @nonBlockUnsized_typeProxy, metadata !39}
!39 = metadata !{i32 0, i32 2, i32 1049, null, i32 0, i32 0, i32 -1, i32 0, i32 -1}
!40 = metadata !{i32 2}


Bottom IR:
; ModuleID = 'Glslang'

%fromVertex = type { <3 x float>, i32, i32 }
%fromVertex.0 = type { <3 x float> }
%gl_PerVertex = type { <4 x float>, float }
%gl_PerVertex.1 = type { <4 x float>, float }
%toFragment = type { <3 x float> }

@"anon@0" = global %fromVertex zeroinitializer
@fromV = global [4 x %fromVertex.0] zeroinitializer
@centr = global [4 x <3 x float>] zeroinitializer
@"anon@1" = global %gl_PerVertex zeroinitializer
@gl_in = global [4 x %gl_PerVertex.1] zeroinitializer
@gl_PrimitiveID = global i32 0
@gl_PrimitiveIDIn = global i32 0
@gl_Layer = global i32 0
@gl_InvocationID = global i32 0
@nonBlockUnsized = global [4 x <4 x float>] zeroinitializer
@toF = global %toFragment zeroinitializer

define fastcc void @main() {
entry:
  call void @llvm.gla.emitVertex()
  call void @llvm.gla.endPrimitive()
  %gla_constGEP = getelementptr [4 x %fromVertex.0]* @fromV, i32 0, i32 0, i32 0
  %0 = load <3 x float>* %gla_constGEP, align 16
  %gla_constGEP1 = getelementptr [4 x <3 x float>]* @centr, i32 0, i32 1
  %1 = load <3 x float>* %gla_constGEP1, align 16
  %2 = fadd <3 x float> %0, %1, !gla.precision !40
  %gla_constGEP2 = getelementptr %fromVertex* @"anon@0", i32 0, i32 0
  store <3 x float> %2, <3 x float>* %gla_constGEP2, align 16
  %gla_constGEP3 = getelementptr [4 x %gl_PerVertex.1]* @gl_in, i32 0, i32 0, i32 0
  %3 = load <4 x float>* %gla_constGEP3, align 16
  %gla_constGEP4 = getelementptr %gl_PerVertex* @"anon@1", i32 0, i32 0
  store <4 x float> %3, <4 x float>* %gla_constGEP4, align 16
  %gl_PrimitiveID = load i32* @gl_PrimitiveIDIn, align 4
  store i32 %gl_PrimitiveID, i32* @gl_PrimitiveID, align 4
  store i32 2, i32* @gl_Layer, align 4
  %gla_constGEP5 = getelementptr %fromVertex* @"anon@0", i32 0, i32 1
  store i32 4, i32* %gla_constGEP5, align 16
  %4 = load i32* @gl_InvocationID, align 4
  %gla_constGEP6 = getelementptr %fromVertex* @"anon@0", i32 0, i32 2
  store i32 %4, i32* %gla_constGEP6, align 4
  %gla_constGEP7 = getelementptr [4 x %gl_PerVertex.1]* @gl_in, i32 0, i32 3, i32 1
  %ps1.i = load float* %gla_constGEP7, align 16
  %gla_constGEP8 = getelementptr %gl_PerVertex* @"anon@1", i32 0, i32 1
  store float %ps1.i, float* %gla_constGEP8, align 16
  br label %stage-epilogue

stage-epilogue:                                   ; preds = %entry
  br label %stage-exit

stage-exit:                                       ; preds = %stage-epilogue
  ret void
}

; Function Attrs: nounwind
declare void @llvm.gla.emitVertex() #0

; Function Attrs: nounwind
declare void @llvm.gla.endPrimitive() #0

attributes #0 = { nounwind }

!gla.invocations = !{!0}
!gla.numVertices = !{!1}
!gla.inputPrimitive = !{!2}
!gla.outputPrimitive = !{!3}
!gla.entrypoint = !{!4}
!gla.outputs = !{!5, !13, !20, !22, !24}
!gla.inputs = !{!27, !30, !32, !34, !36, !38}
!gla.noStaticUse = !{!38, !24}

!0 = metadata !{i32 4}
!1 = metadata !{i32 200}
!2 = metadata !{i32 3}
!3 = metadata !{i32 7}
!4 = metadata !{metadata !"main", i32 15}
!5 = metadata !{metadata !"", i32 16, %fromVertex* @"anon@0_typeProxy", metadata !6, metadata !7}
!6 = metadata !{i32 0, i32 0, i32 1024, null, i32 0, i32 0, i32 -1, i32 0, i32 -1}
!7 = metadata !{metadata !"fromVertex", metadata !8, metadata !"color", metadata !9, metadata !"len", metadata !11, metadata !"inv", metadata !11}
!8 = metadata !{i32 0, i32 0, i32 1024, null, i32 -1, i32 0, i32 -1, i32 0, i32 -1}
!9 = metadata !{metadata !"", metadata !10}
!10 = metadata !{i32 0, i32 2, i32 1024, null, i32 -1, i32 0, i32 -1, i32 0, i32 -1}
!11 = metadata !{metadata !"", metadata !12}
!12 = metadata !{i32 0, i32 3, i32 1024, null, i32 -1, i32 0, i32 -1, i32 0, i32 -1}
!13 = metadata !{metadata !"", i32 16, %gl_PerVertex* @"anon@1_typeProxy", metadata !14, metadata !15}
!14 = metadata !{i32 0, i32 0, i32 1035, null, i32 0, i32 0, i32 -1, i32 0, i32 -1}
!15 = metadata !{metadata !"gl_PerVertex", metadata !8, metadata !"gl_Position", metadata !16, metadata !"gl_PointSize", metadata !18}
!16 = metadata !{metadata !"", metadata !17}
!17 = metadata !{i32 0, i32 3, i32 1024, null, i32 -1, i32 9, i32 -1, i32 0, i32 -1}
!18 = metadata !{metadata !"", metadata !19}
!19 = metadata !{i32 0, i32 3, i32 1024, null, i32 -1, i32 10, i32 -1, i32 0, i32 -1}
!20 = metadata !{metadata !"gl_PrimitiveID", i32 7, i32* @gl_PrimitiveID_typeProxy, metadata !21}
!21 = metadata !{i32 0, i32 3, i32 1045, null, i32 0, i32 31, i32 -1, i32 0, i32 -1}
!22 = metadata !{metadata !"gl_Layer", i32 7, i32* @gl_Layer_typeProxy, metadata !23}
!23 = metadata !{i32 0, i32 3, i32 1047, null, i32 0, i32 32, i32 -1, i32 0, i32 -1}
!24 = metadata !{metadata !"toF", i32 16, %toFragment* @toF_typeProxy, metadata !25, metadata !26}
!25 = metadata !{i32 0, i32 0, i32 1053, null, i32 0, i32 0, i32 -1, i32 0, i32 -1}
!26 = metadata !{metadata !"toFragment", metadata !8, metadata !"color", metadata !9}
!27 = metadata !{metadata !"fromV", i32 17, [4 x %fromVertex.0]* @fromV_typeProxy, metadata !28, metadata !29}
!28 = metadata !{i32 0, i32 0, i32 1027, null, i32 0, i32 0, i32 -1, i32 0, i32 -1}
!29 = metadata !{metadata !"fromVertex", metadata !8, metadata !"color", metadata !9}
!30 = metadata !{metadata !"centr", i32 1, [4 x <3 x float>]* @centr_typeProxy, metadata !31}
!31 = metadata !{i32 0, i32 2, i32 1031, null, i32 512, i32 0, i32 -1, i32 0, i32 -1}
!32 = metadata !{metadata !"gl_in", i32 17, [4 x %gl_PerVertex.1]* @gl_in_typeProxy, metadata !33, metadata !15}
!33 = metadata !{i32 0, i32 0, i32 1037, null, i32 0, i32 0, i32 -1, i32 0, i32 -1}
!34 = metadata !{metadata !"gl_PrimitiveIDIn", i32 1, i32* @gl_PrimitiveIDIn_typeProxy, metadata !35}
!35 = metadata !{i32 0, i32 3, i32 1046, null, i32 0, i32 31, i32 -1, i32 0, i32 -1}
!36 = metadata !{metadata !"gl_InvocationID", i32 1, i32* @gl_InvocationID_typeProxy, metadata !37}
!37 = metadata !{i32 0, i32 3, i32 1048, null, i32 0, i32 30, i32 -1, i32 0, i32 -1}
!38 = metadata !{metadata !"nonBlockUnsized", i32 1, [4 x <4 x float>]* @nonBlockUnsized_typeProxy, metadata !39}
!39 = metadata !{i32 0, i32 2, i32 1049, null, i32 0, i32 0, i32 -1, i32 0, i32 -1}
!40 = metadata !{i32 2}
#version 310 es
// LunarGOO output
#extension GL_ANDROID_extension_pack_es31a : enable
#extension GL_EXT_geometry_shader : enable
#extension GL_EXT_gpu_shader5 : enable
#extension GL_EXT_primitive_bounding_box : enable
#extension GL_EXT_shader_io_blocks : enable
#extension GL_EXT_tessellation_shader : enable
#extension GL_EXT_texture_buffer : enable
#extension GL_EXT_texture_cube_map_array : enable
#extension GL_KHR_blend_equation_advanced : enable
#extension GL_OES_geometry_point_size : enable
#extension GL_OES_sample_variables : enable
#extension GL_OES_shader_image_atomic : enable
#extension GL_OES_shader_multisample_interpolation : enable
#extension GL_OES_texture_storage_multisample_2d_array : enable
layout(lines_adjacency) in;
layout(invocations = 4) in;
layout(triangle_strip) out;
layout(max_vertices = 200) out;
in fromVertex {
	mediump vec3 color;
} fromV[4];
in mediump vec3 centr[4];
in mediump vec4 nonBlockUnsized[4];
out fromVertex {
	mediump vec3 color;
	highp int len;
	highp int inv;
} ;
out toFragment {
	mediump vec3 color;
} toF;
const int C_2 = 2;
const int C_4 = 4;

void main()
{
	EmitVertex();
	EndPrimitive();
	mediump vec3 H_g00yqf1 = centr[1] + fromV[0].color;
	color = H_g00yqf1;
	gl_Position = gl_in[0].gl_Position;
	gl_PrimitiveID = gl_PrimitiveIDIn;
	gl_Layer = C_2;
	len = C_4;
	inv = gl_InvocationID;
	gl_PointSize = gl_in[3].gl_PointSize;
	
}

#version 310 es
// LunarGOO output
#extension GL_ANDROID_extension_pack_es31a : enable
#extension GL_EXT_geometry_shader : enable
#extension GL_EXT_gpu_shader5 : enable
#extension GL_EXT_primitive_bounding_box : enable
#extension GL_EXT_shader_io_blocks : enable
#extension GL_EXT_tessellation_shader : enable
#extension GL_EXT_texture_buffer : enable
#extension GL_EXT_texture_cube_map_array : enable
#extension GL_KHR_blend_equation_advanced : enable
#extension GL_OES_geometry_point_size : enable
#extension GL_OES_sample_variables : enable
#extension GL_OES_shader_image_atomic : enable
#extension GL_OES_shader_multisample_interpolation : enable
#extension GL_OES_texture_storage_multisample_2d_array : enable
layout(lines_adjacency) in;
layout(invocations = 4) in;
layout(triangle_strip) out;
layout(max_vertices = 200) out;
in mediump vec3 centr[4];
in fromVertex {
	mediump vec3 color;
} fromV[4];
in mediump vec4 nonBlockUnsized[4];
out fromVertex {
	mediump vec3 color;
	highp int len;
	highp int inv;
} ;
out toFragment {
	mediump vec3 color;
} toF;
const int C_2 = 2;
const int C_4 = 4;

void main()
{
	EmitVertex();
	EndPrimitive();
	mediump vec3 H_g00yqf = centr[1] + fromV[0].color;
	color = H_g00yqf;
	gl_Position = gl_in[0].gl_Position;
	gl_PrimitiveID = gl_PrimitiveIDIn;
	gl_Layer = C_2;
	len = C_4;
	inv = gl_InvocationID;
	gl_PointSize = gl_in[3].gl_PointSize;
	
}

