
Top IR:
; ModuleID = 'Glslang'

@BaseColor = global <4 x float> zeroinitializer
@Count = external addrspace(2) constant i32
@bigColor = external addrspace(2) constant <4 x float>
@gl_FragColor = global <4 x float> zeroinitializer
@v4 = external addrspace(2) constant <4 x i32>
@f = global float 0.000000e+00

define fastcc void @main() {
entry:
  %i32 = alloca i32
  %i23 = alloca i32
  %r = alloca <4 x float>
  %gl_FragColor20 = alloca <4 x float>
  %tv4 = alloca <4 x float>
  %i12 = alloca i32
  %i4 = alloca i32
  %sum = alloca float
  %i = alloca i32
  %color = alloca <4 x float>
  br label %mainBody

mainBody:                                         ; preds = %entry
  %color1 = load <4 x float>* @BaseColor
  store <4 x float> %color1, <4 x float>* %color
  store i32 0, i32* %i
  br label %loop-header

loop-header:                                      ; preds = %ifmerge, %mainBody
  %0 = load i32* %i
  %1 = load i32 addrspace(2)* @Count, !gla.uniform !5
  %2 = icmp slt i32 %0, %1
  %3 = xor i1 %2, true
  br i1 %3, label %then, label %ifmerge

then:                                             ; preds = %loop-header
  br label %loop-merge

post-loop-break:                                  ; No predecessors!
  unreachable

ifmerge:                                          ; preds = %loop-header
  %4 = load <4 x float> addrspace(2)* @bigColor, !gla.uniform !7
  %5 = load <4 x float>* %color
  %color2 = fadd <4 x float> %5, %4
  store <4 x float> %color2, <4 x float>* %color
  %6 = load i32* %i
  %i3 = add i32 %6, 1
  store i32 %i3, i32* %i
  br label %loop-header

loop-merge:                                       ; preds = %then
  %gl_FragColor = load <4 x float>* %color
  store <4 x float> %gl_FragColor, <4 x float>* @gl_FragColor
  store float 0.000000e+00, float* %sum
  store i32 0, i32* %i4
  br label %loop-header5

loop-header5:                                     ; preds = %ifmerge8, %loop-merge
  %7 = load i32* %i4
  %8 = icmp slt i32 %7, 4
  %9 = xor i1 %8, true
  br i1 %9, label %then6, label %ifmerge8

then6:                                            ; preds = %loop-header5
  br label %loop-merge11

post-loop-break7:                                 ; No predecessors!
  unreachable

ifmerge8:                                         ; preds = %loop-header5
  %10 = load i32* %i4
  %11 = load <4 x i32> addrspace(2)* @v4, !gla.uniform !8
  %12 = extractelement <4 x i32> %11, i32 %10
  %13 = uitofp i32 %12 to float
  %14 = load float* %sum
  %sum9 = fadd float %14, %13
  store float %sum9, float* %sum
  %15 = load i32* %i4
  %i410 = add i32 %15, 1
  store i32 %i410, i32* %i4
  br label %loop-header5

loop-merge11:                                     ; preds = %then6
  store i32 0, i32* %i12
  br label %loop-header13

loop-header13:                                    ; preds = %ifmerge16, %loop-merge11
  %16 = load i32* %i12
  %17 = icmp slt i32 %16, 4
  %18 = xor i1 %17, true
  br i1 %18, label %then14, label %ifmerge16

then14:                                           ; preds = %loop-header13
  br label %loop-merge19

post-loop-break15:                                ; No predecessors!
  unreachable

ifmerge16:                                        ; preds = %loop-header13
  %19 = load i32* %i12
  %20 = load i32* %i12
  %21 = load <4 x i32> addrspace(2)* @v4, !gla.uniform !8
  %22 = extractelement <4 x i32> %21, i32 %20
  %23 = mul i32 %22, 4
  %24 = uitofp i32 %23 to float
  %25 = load <4 x float>* %tv4
  %tv417 = insertelement <4 x float> %25, float %24, i32 %19
  store <4 x float> %tv417, <4 x float>* %tv4
  %26 = load i32* %i12
  %i1218 = add i32 %26, 1
  store i32 %i1218, i32* %i12
  br label %loop-header13

loop-merge19:                                     ; preds = %then14
  %27 = load float* %sum
  %28 = load <4 x float>* %gl_FragColor20
  %29 = insertelement <4 x float> undef, float %27, i32 0
  %30 = insertelement <4 x float> %29, float %27, i32 1
  %31 = insertelement <4 x float> %30, float %27, i32 2
  %32 = insertelement <4 x float> %31, float %27, i32 3
  %33 = load <4 x float>* %tv4
  %34 = fadd <4 x float> %32, %33
  %35 = load <4 x float>* @gl_FragColor
  %gl_FragColor21 = fadd <4 x float> %35, %34
  store <4 x float> %gl_FragColor21, <4 x float>* @gl_FragColor
  %36 = load <4 x float>* @BaseColor
  %37 = extractelement <4 x float> %36, i32 0
  %38 = insertelement <3 x float> undef, float %37, i32 0
  %39 = extractelement <4 x float> %36, i32 1
  %40 = insertelement <3 x float> %38, float %39, i32 1
  %41 = extractelement <4 x float> %36, i32 2
  %42 = insertelement <3 x float> %40, float %41, i32 2
  %43 = load <4 x float>* %r
  %44 = extractelement <3 x float> %42, i32 0
  %45 = insertelement <4 x float> %43, float %44, i32 0
  %46 = extractelement <3 x float> %42, i32 1
  %47 = insertelement <4 x float> %45, float %46, i32 1
  %48 = extractelement <3 x float> %42, i32 2
  %r22 = insertelement <4 x float> %47, float %48, i32 2
  store <4 x float> %r22, <4 x float>* %r
  store i32 0, i32* %i23
  br label %loop-header24

loop-header24:                                    ; preds = %ifmerge27, %loop-merge19
  %49 = load i32* %i23
  %50 = load i32 addrspace(2)* @Count, !gla.uniform !5
  %51 = icmp slt i32 %49, %50
  %52 = xor i1 %51, true
  br i1 %52, label %then25, label %ifmerge27

then25:                                           ; preds = %loop-header24
  br label %loop-merge30

post-loop-break26:                                ; No predecessors!
  unreachable

ifmerge27:                                        ; preds = %loop-header24
  %53 = load float* @f
  %54 = load <4 x float>* %r
  %r28 = insertelement <4 x float> %54, float %53, i32 3
  store <4 x float> %r28, <4 x float>* %r
  %55 = load i32* %i23
  %i2329 = add i32 %55, 1
  store i32 %i2329, i32* %i23
  br label %loop-header24

loop-merge30:                                     ; preds = %then25
  %56 = load <4 x float>* %r
  %57 = extractelement <4 x float> %56, i32 0
  %58 = insertelement <3 x float> undef, float %57, i32 0
  %59 = extractelement <4 x float> %56, i32 1
  %60 = insertelement <3 x float> %58, float %59, i32 1
  %61 = extractelement <4 x float> %56, i32 2
  %62 = insertelement <3 x float> %60, float %61, i32 2
  %63 = load <4 x float>* @gl_FragColor
  %64 = extractelement <4 x float> %63, i32 0
  %65 = insertelement <3 x float> undef, float %64, i32 0
  %66 = extractelement <4 x float> %63, i32 1
  %67 = insertelement <3 x float> %65, float %66, i32 1
  %68 = extractelement <4 x float> %63, i32 2
  %69 = insertelement <3 x float> %67, float %68, i32 2
  %70 = fadd <3 x float> %69, %62
  %71 = load <4 x float>* @gl_FragColor
  %72 = extractelement <3 x float> %70, i32 0
  %73 = insertelement <4 x float> %71, float %72, i32 0
  %74 = extractelement <3 x float> %70, i32 1
  %75 = insertelement <4 x float> %73, float %74, i32 1
  %76 = extractelement <3 x float> %70, i32 2
  %gl_FragColor31 = insertelement <4 x float> %75, float %76, i32 2
  store <4 x float> %gl_FragColor31, <4 x float>* @gl_FragColor
  store i32 0, i32* %i32
  br label %loop-header33

loop-header33:                                    ; preds = %ifmerge36, %loop-merge30
  %77 = load i32* %i32
  %78 = icmp slt i32 %77, 16
  %79 = xor i1 %78, true
  br i1 %79, label %then34, label %ifmerge36

then34:                                           ; preds = %loop-header33
  br label %loop-merge39

post-loop-break35:                                ; No predecessors!
  unreachable

ifmerge36:                                        ; preds = %loop-header33
  %80 = load float* @f
  %81 = load <4 x float>* @gl_FragColor
  %82 = insertelement <4 x float> undef, float %80, i32 0
  %83 = insertelement <4 x float> %82, float %80, i32 1
  %84 = insertelement <4 x float> %83, float %80, i32 2
  %85 = insertelement <4 x float> %84, float %80, i32 3
  %gl_FragColor37 = fmul <4 x float> %81, %85
  store <4 x float> %gl_FragColor37, <4 x float>* @gl_FragColor
  %86 = load i32* %i32
  %i3238 = add i32 %86, 4
  store i32 %i3238, i32* %i32
  br label %loop-header33

loop-merge39:                                     ; preds = %then34
  br label %stage-epilogue

stage-epilogue:                                   ; preds = %loop-merge39
  br label %stage-exit

stage-exit:                                       ; preds = %stage-epilogue
  ret void
}

!gla.entrypoint = !{!0}
!gla.inputs = !{!1, !3}
!gla.uniforms = !{!5, !7, !8}
!gla.outputs = !{!10}

!0 = !{!"main", i32 15}
!1 = !{!"BaseColor", i32 1, <4 x float>* @BaseColor_typeProxy, !2}
!2 = !{i32 0, i32 0, i32 1024, null, i32 1, i32 0, i32 -1, i32 0, i32 -1}
!3 = !{!"f", i32 1, float* @f_typeProxy, !4}
!4 = !{i32 0, i32 0, i32 1026, null, i32 1, i32 0, i32 -1, i32 0, i32 -1}
!5 = !{!"Count", i32 12, i32* @Count_typeProxy, !6}
!6 = !{i32 0, i32 0, i32 1024, null, i32 -1, i32 0, i32 -1, i32 0, i32 -1}
!7 = !{!"bigColor", i32 12, <4 x float>* @bigColor_typeProxy, !6}
!8 = !{!"v4", i32 12, <4 x i32>* @v4_typeProxy, !9}
!9 = !{i32 1, i32 0, i32 1024, null, i32 -1, i32 0, i32 -1, i32 0, i32 -1}
!10 = !{!"gl_FragColor", i32 7, <4 x float>* @gl_FragColor_typeProxy, !11}
!11 = !{i32 0, i32 0, i32 1025, null, i32 0, i32 43, i32 -1, i32 0, i32 -1}
