
Top IR:
; ModuleID = 'Glslang'

@BaseColor = global <4 x float> zeroinitializer
@gl_FragColor = global <4 x float> zeroinitializer
@d = external addrspace(2) constant float
@bigColor = external addrspace(2) constant <4 x float>

define fastcc void @main() {
entry:
  %f = alloca float
  %color2 = alloca <4 x float>
  %param = alloca <4 x float>
  %color = alloca <4 x float>
  br label %mainBody

mainBody:                                         ; preds = %entry
  %param1 = load <4 x float>* @BaseColor
  store <4 x float> %param1, <4 x float>* %param
  %0 = call float @"foo(vf4;"(<4 x float>* %param)
  %1 = load <4 x float>* %color2
  %2 = insertelement <4 x float> undef, float %0, i32 0, !gla.precision !8
  %3 = insertelement <4 x float> %2, float %0, i32 1, !gla.precision !8
  %4 = insertelement <4 x float> %3, float %0, i32 2, !gla.precision !8
  %color3 = insertelement <4 x float> %4, float %0, i32 3, !gla.precision !8
  store <4 x float> %color3, <4 x float>* %color
  call void @"bar("()
  %f4 = call float @"unreachableReturn("()
  store float %f4, float* %f
  %5 = load <4 x float>* %color
  %6 = load float* %f
  %7 = insertelement <4 x float> undef, float %6, i32 0, !gla.precision !8
  %8 = insertelement <4 x float> %7, float %6, i32 1, !gla.precision !8
  %9 = insertelement <4 x float> %8, float %6, i32 2, !gla.precision !8
  %10 = insertelement <4 x float> %9, float %6, i32 3, !gla.precision !8
  %gl_FragColor = fmul <4 x float> %5, %10, !gla.precision !8
  store <4 x float> %gl_FragColor, <4 x float>* @gl_FragColor
  br label %stage-epilogue

stage-epilogue:                                   ; preds = %mainBody
  br label %stage-exit

stage-exit:                                       ; preds = %stage-epilogue
  ret void
}

; Function Attrs: alwaysinline
define internal fastcc void @"bar("() #0 {
entry:
  ret void
}

; Function Attrs: alwaysinline
define internal fastcc float @"unreachableReturn("() #0 {
entry:
  call void @"bar("()
  %0 = load float addrspace(2)* @d, !gla.uniform !5
  %1 = fcmp olt float %0, 0x4010CCCCC0000000
  br i1 %1, label %then, label %else

then:                                             ; preds = %entry
  ret float 0x3FF3333340000000

post-return:                                      ; No predecessors!
  unreachable

else:                                             ; preds = %entry
  ret float 4.500000e+00

post-return1:                                     ; No predecessors!
  unreachable

ifmerge:                                          ; No predecessors!
  unreachable
}

; Function Attrs: alwaysinline
define internal fastcc float @"foo(vf4;"(<4 x float>*) #0 {
entry:
  %1 = load <4 x float>* %0
  %2 = extractelement <4 x float> %1, i32 0, !gla.precision !8
  %3 = load <4 x float>* %0
  %4 = extractelement <4 x float> %3, i32 1, !gla.precision !8
  %5 = fadd float %2, %4, !gla.precision !8
  ret float %5

post-return:                                      ; No predecessors!
  unreachable
}

attributes #0 = { alwaysinline }

!gla.entrypoint = !{!0}
!gla.inputs = !{!1}
!gla.outputs = !{!3}
!gla.uniforms = !{!5, !7}
!gla.noStaticUse = !{!7}

!0 = !{!"main", i32 15}
!1 = !{!"BaseColor", i32 1, <4 x float>* @BaseColor_typeProxy, !2}
!2 = !{i32 0, i32 2, i32 1024, null, i32 1, i32 0, i32 -1, i32 0, i32 -1}
!3 = !{!"gl_FragColor", i32 7, <4 x float>* @gl_FragColor_typeProxy, !4}
!4 = !{i32 0, i32 2, i32 1025, null, i32 0, i32 43, i32 -1, i32 0, i32 -1}
!5 = !{!"d", i32 12, float* @d_typeProxy, !6}
!6 = !{i32 0, i32 2, i32 1024, null, i32 -1, i32 0, i32 -1, i32 0, i32 -1}
!7 = !{!"bigColor", i32 12, <4 x float>* @bigColor_typeProxy, !6}
!8 = !{i32 2}
