
Top IR:
; ModuleID = 'Glslang'

%s3 = type { %s2, i32, float, %s1 }
%s2 = type { i32, float, %s1, <4 x float> }
%s1 = type { i32, float }

@foo3 = external addrspace(2) constant %s3
@coord = global <2 x float> zeroinitializer
@condition = external addrspace(2) constant i32
@color = global <4 x float> zeroinitializer
@gl_FragColor = global <4 x float> zeroinitializer
@sampler = external addrspace(1) constant i32
@foo = external addrspace(2) constant %s1
@foo2 = external addrspace(2) constant %s2
@uFloatArray = external addrspace(2) constant [16 x float]

define fastcc void @main() {
entry:
  %a = alloca [16 x float]
  %i = alloca i32
  %localArray = alloca [16 x float]
  %x = alloca i32
  %localIArray = alloca [8 x i32]
  %localFArray = alloca [16 x float]
  %locals2 = alloca %s2
  br label %mainBody

mainBody:                                         ; preds = %entry
  %locals21 = load %s2 addrspace(2)* getelementptr inbounds (%s3 addrspace(2)* @foo3, i32 0, i32 0), !gla.uniform !1
  store %s2 %locals21, %s2* %locals2
  %0 = load i32 addrspace(2)* getelementptr inbounds (%s3 addrspace(2)* @foo3, i32 0, i32 0, i32 0), !gla.uniform !1
  %1 = icmp sgt i32 %0, 0
  br i1 %1, label %then, label %else

then:                                             ; preds = %mainBody
  %2 = getelementptr %s2* %locals2, i32 0, i32 2, i32 1
  store float 1.000000e+00, float* %2
  %3 = load <2 x float>* @coord
  %4 = extractelement <2 x float> %3, i32 0
  %5 = getelementptr [16 x float]* %localFArray, i32 0, i32 4
  store float %4, float* %5
  %6 = load i32 addrspace(2)* getelementptr inbounds (%s3 addrspace(2)* @foo3, i32 0, i32 0, i32 0), !gla.uniform !1
  %7 = getelementptr [8 x i32]* %localIArray, i32 0, i32 2
  store i32 %6, i32* %7
  br label %ifmerge

else:                                             ; preds = %mainBody
  %8 = load <2 x float>* @coord
  %9 = extractelement <2 x float> %8, i32 0
  %10 = getelementptr %s2* %locals2, i32 0, i32 2, i32 1
  store float %9, float* %10
  %11 = getelementptr [16 x float]* %localFArray, i32 0, i32 4
  store float 1.000000e+00, float* %11
  %12 = getelementptr [8 x i32]* %localIArray, i32 0, i32 2
  store i32 0, i32* %12
  br label %ifmerge

ifmerge:                                          ; preds = %else, %then
  %13 = getelementptr [8 x i32]* %localIArray, i32 0, i32 2
  %14 = load i32* %13
  %15 = icmp eq i32 %14, 0
  br i1 %15, label %then2, label %ifmerge3

then2:                                            ; preds = %ifmerge
  %16 = getelementptr [16 x float]* %localFArray, i32 0, i32 4
  %17 = load float* %16
  %18 = fadd float %17, 1.000000e+00
  store float %18, float* %16
  br label %ifmerge3

ifmerge3:                                         ; preds = %ifmerge, %then2
  store i32 5, i32* %x
  %19 = load i32* %x
  %20 = load <2 x float>* @coord
  %21 = extractelement <2 x float> %20, i32 0
  %22 = getelementptr [16 x float]* %localArray, i32 0, i32 %19
  store float %21, float* %22
  store i32 0, i32* %i
  br label %loop-header

loop-header:                                      ; preds = %ifmerge5, %ifmerge3
  %23 = load i32* %i
  %24 = icmp slt i32 %23, 16
  %25 = xor i1 %24, true
  br i1 %25, label %then4, label %ifmerge5

then4:                                            ; preds = %loop-header
  br label %loop-merge

post-loop-break:                                  ; No predecessors!
  unreachable

ifmerge5:                                         ; preds = %loop-header
  %26 = load i32* %i
  %27 = getelementptr [16 x float]* %a, i32 0, i32 %26
  store float 0.000000e+00, float* %27
  %28 = load i32* %i
  %i6 = add i32 %28, 1
  store i32 %i6, i32* %i
  br label %loop-header

loop-merge:                                       ; preds = %then4
  %29 = load i32 addrspace(2)* @condition, !gla.uniform !8
  %30 = icmp eq i32 %29, 1
  br i1 %30, label %then7, label %ifmerge9

then7:                                            ; preds = %loop-merge
  %a8 = load [16 x float]* %localArray
  store [16 x float] %a8, [16 x float]* %a
  br label %ifmerge9

ifmerge9:                                         ; preds = %loop-merge, %then7
  %31 = load <4 x float>* @color
  %32 = getelementptr %s2* %locals2, i32 0, i32 3
  store <4 x float> %31, <4 x float>* %32
  %33 = load <2 x float>* @coord
  %34 = extractelement <2 x float> %33, i32 1
  %35 = getelementptr %s2* %locals2, i32 0, i32 3, i32 2
  store float %34, float* %35
  %36 = getelementptr %s2* %locals2, i32 0, i32 3
  %37 = load <4 x float>* %36
  %38 = getelementptr [16 x float]* %localFArray, i32 0, i32 4
  %39 = load float* %38
  %40 = getelementptr %s2* %locals2, i32 0, i32 2, i32 1
  %41 = load float* %40
  %42 = fadd float %39, %41
  %43 = load i32* %x
  %44 = getelementptr [16 x float]* %localArray, i32 0, i32 %43
  %45 = load float* %44
  %46 = fadd float %42, %45
  %47 = load i32* %x
  %48 = getelementptr [16 x float]* %a, i32 0, i32 %47
  %49 = load float* %48
  %50 = fadd float %46, %49
  %51 = insertelement <4 x float> undef, float %50, i32 0
  %52 = insertelement <4 x float> %51, float %50, i32 1
  %53 = insertelement <4 x float> %52, float %50, i32 2
  %54 = insertelement <4 x float> %53, float %50, i32 3
  %55 = fmul <4 x float> %37, %54
  %56 = load i32 addrspace(1)* @sampler, !gla.uniform !9
  %57 = load <2 x float>* @coord
  %gl_FragColor = call <4 x float> @llvm.gla.fTextureSample.v4f32.v2f32(i32 2, i32 %56, i32 0, <2 x float> %57)
  %gl_FragColor10 = fmul <4 x float> %55, %gl_FragColor
  store <4 x float> %gl_FragColor10, <4 x float>* @gl_FragColor
  br label %stage-epilogue

stage-epilogue:                                   ; preds = %ifmerge9
  br label %stage-exit

stage-exit:                                       ; preds = %stage-epilogue
  ret void
}

; Function Attrs: nounwind readnone
declare <4 x float> @llvm.gla.fTextureSample.v4f32.v2f32(i32, i32, i32, <2 x float>) #0

attributes #0 = { nounwind readnone }

!gla.entrypoint = !{!0}
!gla.uniforms = !{!1, !8, !9, !12, !13, !14}
!gla.inputs = !{!15, !17}
!gla.outputs = !{!19}
!gla.noStaticUse = !{!12, !13, !14}

!0 = !{!"main", i32 15}
!1 = !{!"foo3", i32 12, %s3* @foo3_typeProxy, !2, !3}
!2 = !{i32 4, i32 0, i32 1024, null, i32 -1, i32 0, i32 -1, i32 0, i32 -1}
!3 = !{!"s3", !2, !"s2_1", !4, !"i", !5, !"f", !5, !"s1_1", !7}
!4 = !{!"s2", !2, !"i", !5, !"f", !5, !"s1_1", !7, !"bleh", !5}
!5 = !{!"", !6}
!6 = !{i32 0, i32 0, i32 1024, null, i32 -1, i32 0, i32 -1, i32 0, i32 -1}
!7 = !{!"s1", !2, !"i", !5, !"f", !5}
!8 = !{!"condition", i32 12, i32* @condition_typeProxy, !6}
!9 = !{!"sampler", i32 12, i32* @sampler_typeProxy, !10}
!10 = !{i32 5, i32 0, i32 1024, !11, i32 -1, i32 0, i32 -1, i32 0, i32 -1}
!11 = !{i32 0, i32* @sampler_typeProxy, i32 1, i1 false, i1 false, i32 0}
!12 = !{!"foo", i32 12, %s1* @foo_typeProxy, !2, !7}
!13 = !{!"foo2", i32 12, %s2* @foo2_typeProxy, !2, !4}
!14 = !{!"uFloatArray", i32 12, [16 x float]* @uFloatArray_typeProxy, !6}
!15 = !{!"coord", i32 1, <2 x float>* @coord_typeProxy, !16}
!16 = !{i32 0, i32 0, i32 1024, null, i32 1, i32 0, i32 -1, i32 0, i32 -1}
!17 = !{!"color", i32 1, <4 x float>* @color_typeProxy, !18}
!18 = !{i32 0, i32 0, i32 1025, null, i32 1, i32 0, i32 -1, i32 0, i32 -1}
!19 = !{!"gl_FragColor", i32 7, <4 x float>* @gl_FragColor_typeProxy, !20}
!20 = !{i32 0, i32 0, i32 1026, null, i32 0, i32 43, i32 -1, i32 0, i32 -1}
