
Top IR:
; ModuleID = 'Glslang'

@BaseColor = global <4 x float> zeroinitializer
@bigColor4 = external addrspace(2) constant <4 x float>
@d4 = external addrspace(2) constant float
@d13 = external addrspace(2) constant float
@gl_FragColor = global <4 x float> zeroinitializer
@bigColor = external addrspace(2) constant <4 x float>
@bigColor1_1 = external addrspace(2) constant <4 x float>
@bigColor1_2 = external addrspace(2) constant <4 x float>
@bigColor1_3 = external addrspace(2) constant <4 x float>
@bigColor2 = external addrspace(2) constant <4 x float>
@bigColor3 = external addrspace(2) constant <4 x float>
@bigColor5 = external addrspace(2) constant <4 x float>
@bigColor6 = external addrspace(2) constant <4 x float>
@bigColor7 = external addrspace(2) constant <4 x float>
@bigColor8 = external addrspace(2) constant <4 x float>
@d = external addrspace(2) constant float
@d2 = external addrspace(2) constant float
@d3 = external addrspace(2) constant float
@d5 = external addrspace(2) constant float
@d6 = external addrspace(2) constant float
@d7 = external addrspace(2) constant float
@d8 = external addrspace(2) constant float
@d9 = external addrspace(2) constant float
@d10 = external addrspace(2) constant float
@d11 = external addrspace(2) constant float
@d12 = external addrspace(2) constant float
@d14 = external addrspace(2) constant float
@d15 = external addrspace(2) constant float
@d16 = external addrspace(2) constant float
@d17 = external addrspace(2) constant float
@d18 = external addrspace(2) constant float
@d19 = external addrspace(2) constant float
@d20 = external addrspace(2) constant float
@d21 = external addrspace(2) constant float
@d22 = external addrspace(2) constant float
@d23 = external addrspace(2) constant float
@d24 = external addrspace(2) constant float
@d25 = external addrspace(2) constant float
@d26 = external addrspace(2) constant float
@d27 = external addrspace(2) constant float
@d28 = external addrspace(2) constant float
@d29 = external addrspace(2) constant float
@d30 = external addrspace(2) constant float
@d31 = external addrspace(2) constant float
@d32 = external addrspace(2) constant float
@d33 = external addrspace(2) constant float
@d34 = external addrspace(2) constant float
@Count = external addrspace(2) constant i32

define fastcc void @main() {
entry:
  %color = alloca <4 x float>
  br label %mainBody

mainBody:                                         ; preds = %entry
  %color1 = load <4 x float>* @BaseColor
  store <4 x float> %color1, <4 x float>* %color
  br label %loop-header

loop-header:                                      ; preds = %mainBody
  br label %loop-body

loop-body:                                        ; preds = %loop-test, %loop-header
  %0 = load <4 x float> addrspace(2)* @bigColor4, !gla.uniform !3
  %1 = load <4 x float>* %color
  %color2 = fadd <4 x float> %1, %0
  store <4 x float> %color2, <4 x float>* %color
  %2 = load <4 x float>* %color
  %3 = extractelement <4 x float> %2, i32 0
  %4 = load float addrspace(2)* @d4, !gla.uniform !5
  %5 = fcmp olt float %3, %4
  br i1 %5, label %then, label %ifmerge6

then:                                             ; preds = %loop-body
  %6 = load <4 x float>* %color
  %7 = extractelement <4 x float> %6, i32 2
  %8 = fadd float %7, 2.000000e+00
  %9 = load <4 x float>* %color
  %color3 = insertelement <4 x float> %9, float %8, i32 2
  store <4 x float> %color3, <4 x float>* %color
  %10 = load <4 x float>* %color
  %11 = extractelement <4 x float> %10, i32 2
  %12 = load float addrspace(2)* @d4, !gla.uniform !5
  %13 = fcmp olt float %11, %12
  br i1 %13, label %then4, label %ifmerge

then4:                                            ; preds = %then
  %14 = load <4 x float>* %color
  %15 = extractelement <4 x float> %14, i32 0
  %16 = fadd float %15, 1.000000e+00
  %17 = load <4 x float>* %color
  %color5 = insertelement <4 x float> %17, float %16, i32 0
  store <4 x float> %color5, <4 x float>* %color
  br label %loop-test

post-loop-continue:                               ; No predecessors!
  unreachable

ifmerge:                                          ; preds = %then
  br label %ifmerge6

ifmerge6:                                         ; preds = %loop-body, %ifmerge
  %18 = load <4 x float>* %color
  %19 = extractelement <4 x float> %18, i32 1
  %20 = load float addrspace(2)* @d4, !gla.uniform !5
  %21 = fcmp olt float %19, %20
  br i1 %21, label %then7, label %else

then7:                                            ; preds = %ifmerge6
  %22 = load float addrspace(2)* @d4, !gla.uniform !5
  %23 = load <4 x float>* %color
  %24 = extractelement <4 x float> %23, i32 1
  %25 = fadd float %24, %22
  %26 = load <4 x float>* %color
  %color8 = insertelement <4 x float> %26, float %25, i32 1
  store <4 x float> %color8, <4 x float>* %color
  br label %ifmerge10

else:                                             ; preds = %ifmerge6
  %27 = load float addrspace(2)* @d4, !gla.uniform !5
  %28 = load <4 x float>* %color
  %29 = extractelement <4 x float> %28, i32 0
  %30 = fadd float %29, %27
  %31 = load <4 x float>* %color
  %color9 = insertelement <4 x float> %31, float %30, i32 0
  store <4 x float> %color9, <4 x float>* %color
  br label %ifmerge10

ifmerge10:                                        ; preds = %else, %then7
  br label %loop-test

loop-test:                                        ; preds = %ifmerge10, %then4
  %32 = load <4 x float>* %color
  %33 = extractelement <4 x float> %32, i32 2
  %34 = load float addrspace(2)* @d4, !gla.uniform !5
  %35 = fcmp olt float %33, %34
  br i1 %35, label %loop-body, label %loop-merge

loop-merge:                                       ; preds = %loop-test
  br label %loop-header11

loop-header11:                                    ; preds = %ifmerge31, %then22, %loop-merge
  %36 = load <4 x float>* %color
  %37 = extractelement <4 x float> %36, i32 3
  %38 = load float addrspace(2)* @d13, !gla.uniform !6
  %39 = fcmp olt float %37, %38
  %40 = xor i1 %39, true
  br i1 %40, label %then12, label %ifmerge13

then12:                                           ; preds = %loop-header11
  br label %loop-merge32

post-loop-break:                                  ; No predecessors!
  unreachable

ifmerge13:                                        ; preds = %loop-header11
  %41 = load <4 x float>* %color
  %42 = extractelement <4 x float> %41, i32 2
  %43 = load float addrspace(2)* @d13, !gla.uniform !6
  %44 = fcmp olt float %42, %43
  br i1 %44, label %then14, label %else16

then14:                                           ; preds = %ifmerge13
  %45 = load <4 x float>* %color
  %color15 = fadd <4 x float> %45, <float 1.000000e+00, float 1.000000e+00, float 1.000000e+00, float 1.000000e+00>
  store <4 x float> %color15, <4 x float>* %color
  br label %ifmerge18

else16:                                           ; preds = %ifmerge13
  %46 = load <4 x float>* %color
  %color17 = fsub <4 x float> %46, <float 1.000000e+00, float 1.000000e+00, float 1.000000e+00, float 1.000000e+00>
  store <4 x float> %color17, <4 x float>* %color
  br label %ifmerge18

ifmerge18:                                        ; preds = %else16, %then14
  %47 = load <4 x float> addrspace(2)* @bigColor4, !gla.uniform !3
  %48 = load <4 x float>* %color
  %color19 = fadd <4 x float> %48, %47
  store <4 x float> %color19, <4 x float>* %color
  %49 = load <4 x float>* %color
  %50 = extractelement <4 x float> %49, i32 0
  %51 = load float addrspace(2)* @d4, !gla.uniform !5
  %52 = fcmp olt float %50, %51
  br i1 %52, label %then20, label %ifmerge26

then20:                                           ; preds = %ifmerge18
  %53 = load <4 x float>* %color
  %54 = extractelement <4 x float> %53, i32 2
  %55 = fadd float %54, 2.000000e+00
  %56 = load <4 x float>* %color
  %color21 = insertelement <4 x float> %56, float %55, i32 2
  store <4 x float> %color21, <4 x float>* %color
  %57 = load <4 x float>* %color
  %58 = extractelement <4 x float> %57, i32 2
  %59 = load float addrspace(2)* @d4, !gla.uniform !5
  %60 = fcmp olt float %58, %59
  br i1 %60, label %then22, label %ifmerge25

then22:                                           ; preds = %then20
  %61 = load <4 x float>* %color
  %62 = extractelement <4 x float> %61, i32 0
  %63 = fadd float %62, 1.000000e+00
  %64 = load <4 x float>* %color
  %color23 = insertelement <4 x float> %64, float %63, i32 0
  store <4 x float> %color23, <4 x float>* %color
  br label %loop-header11

post-loop-continue24:                             ; No predecessors!
  unreachable

ifmerge25:                                        ; preds = %then20
  br label %ifmerge26

ifmerge26:                                        ; preds = %ifmerge18, %ifmerge25
  %65 = load <4 x float>* %color
  %66 = extractelement <4 x float> %65, i32 1
  %67 = load float addrspace(2)* @d4, !gla.uniform !5
  %68 = fcmp olt float %66, %67
  br i1 %68, label %then27, label %else29

then27:                                           ; preds = %ifmerge26
  %69 = load float addrspace(2)* @d4, !gla.uniform !5
  %70 = load <4 x float>* %color
  %71 = extractelement <4 x float> %70, i32 1
  %72 = fadd float %71, %69
  %73 = load <4 x float>* %color
  %color28 = insertelement <4 x float> %73, float %72, i32 1
  store <4 x float> %color28, <4 x float>* %color
  br label %ifmerge31

else29:                                           ; preds = %ifmerge26
  %74 = load float addrspace(2)* @d4, !gla.uniform !5
  %75 = load <4 x float>* %color
  %76 = extractelement <4 x float> %75, i32 0
  %77 = fadd float %76, %74
  %78 = load <4 x float>* %color
  %color30 = insertelement <4 x float> %78, float %77, i32 0
  store <4 x float> %color30, <4 x float>* %color
  br label %ifmerge31

ifmerge31:                                        ; preds = %else29, %then27
  br label %loop-header11

loop-merge32:                                     ; preds = %then12
  %79 = load <4 x float>* %color
  %color33 = fadd <4 x float> %79, <float 1.000000e+00, float 1.000000e+00, float 1.000000e+00, float 1.000000e+00>
  store <4 x float> %color33, <4 x float>* %color
  %gl_FragColor = load <4 x float>* %color
  store <4 x float> %gl_FragColor, <4 x float>* @gl_FragColor
  br label %stage-epilogue

stage-epilogue:                                   ; preds = %loop-merge32
  br label %stage-exit

stage-exit:                                       ; preds = %stage-epilogue
  ret void
}

!gla.entrypoint = !{!0}
!gla.inputs = !{!1}
!gla.uniforms = !{!3, !5, !6, !7, !8, !9, !10, !11, !12, !13, !14, !15, !16, !17, !18, !19, !20, !21, !22, !23, !24, !25, !26, !27, !28, !29, !30, !31, !32, !33, !34, !35, !36, !37, !38, !39, !40, !41, !42, !43, !44, !45, !46, !47, !48, !49}
!gla.outputs = !{!50}
!gla.noStaticUse = !{!7, !8, !9, !10, !11, !12, !13, !14, !15, !16, !17, !18, !19, !20, !21, !22, !23, !24, !25, !26, !27, !28, !29, !30, !31, !32, !33, !34, !35, !36, !37, !38, !39, !40, !41, !42, !43, !44, !45, !46, !47, !48, !49}

!0 = metadata !{metadata !"main", i32 15}
!1 = metadata !{metadata !"BaseColor", i32 1, <4 x float>* @BaseColor_typeProxy, metadata !2}
!2 = metadata !{i32 0, i32 0, i32 1024, null, i32 1}
!3 = metadata !{metadata !"bigColor4", i32 12, <4 x float>* @bigColor4_typeProxy, metadata !4}
!4 = metadata !{i32 0, i32 0, i32 1024, null}
!5 = metadata !{metadata !"d4", i32 12, float* @d4_typeProxy, metadata !4}
!6 = metadata !{metadata !"d13", i32 12, float* @d13_typeProxy, metadata !4}
!7 = metadata !{metadata !"bigColor", i32 12, <4 x float>* @bigColor_typeProxy, metadata !4}
!8 = metadata !{metadata !"bigColor1_1", i32 12, <4 x float>* @bigColor1_1_typeProxy, metadata !4}
!9 = metadata !{metadata !"bigColor1_2", i32 12, <4 x float>* @bigColor1_2_typeProxy, metadata !4}
!10 = metadata !{metadata !"bigColor1_3", i32 12, <4 x float>* @bigColor1_3_typeProxy, metadata !4}
!11 = metadata !{metadata !"bigColor2", i32 12, <4 x float>* @bigColor2_typeProxy, metadata !4}
!12 = metadata !{metadata !"bigColor3", i32 12, <4 x float>* @bigColor3_typeProxy, metadata !4}
!13 = metadata !{metadata !"bigColor5", i32 12, <4 x float>* @bigColor5_typeProxy, metadata !4}
!14 = metadata !{metadata !"bigColor6", i32 12, <4 x float>* @bigColor6_typeProxy, metadata !4}
!15 = metadata !{metadata !"bigColor7", i32 12, <4 x float>* @bigColor7_typeProxy, metadata !4}
!16 = metadata !{metadata !"bigColor8", i32 12, <4 x float>* @bigColor8_typeProxy, metadata !4}
!17 = metadata !{metadata !"d", i32 12, float* @d_typeProxy, metadata !4}
!18 = metadata !{metadata !"d2", i32 12, float* @d2_typeProxy, metadata !4}
!19 = metadata !{metadata !"d3", i32 12, float* @d3_typeProxy, metadata !4}
!20 = metadata !{metadata !"d5", i32 12, float* @d5_typeProxy, metadata !4}
!21 = metadata !{metadata !"d6", i32 12, float* @d6_typeProxy, metadata !4}
!22 = metadata !{metadata !"d7", i32 12, float* @d7_typeProxy, metadata !4}
!23 = metadata !{metadata !"d8", i32 12, float* @d8_typeProxy, metadata !4}
!24 = metadata !{metadata !"d9", i32 12, float* @d9_typeProxy, metadata !4}
!25 = metadata !{metadata !"d10", i32 12, float* @d10_typeProxy, metadata !4}
!26 = metadata !{metadata !"d11", i32 12, float* @d11_typeProxy, metadata !4}
!27 = metadata !{metadata !"d12", i32 12, float* @d12_typeProxy, metadata !4}
!28 = metadata !{metadata !"d14", i32 12, float* @d14_typeProxy, metadata !4}
!29 = metadata !{metadata !"d15", i32 12, float* @d15_typeProxy, metadata !4}
!30 = metadata !{metadata !"d16", i32 12, float* @d16_typeProxy, metadata !4}
!31 = metadata !{metadata !"d17", i32 12, float* @d17_typeProxy, metadata !4}
!32 = metadata !{metadata !"d18", i32 12, float* @d18_typeProxy, metadata !4}
!33 = metadata !{metadata !"d19", i32 12, float* @d19_typeProxy, metadata !4}
!34 = metadata !{metadata !"d20", i32 12, float* @d20_typeProxy, metadata !4}
!35 = metadata !{metadata !"d21", i32 12, float* @d21_typeProxy, metadata !4}
!36 = metadata !{metadata !"d22", i32 12, float* @d22_typeProxy, metadata !4}
!37 = metadata !{metadata !"d23", i32 12, float* @d23_typeProxy, metadata !4}
!38 = metadata !{metadata !"d24", i32 12, float* @d24_typeProxy, metadata !4}
!39 = metadata !{metadata !"d25", i32 12, float* @d25_typeProxy, metadata !4}
!40 = metadata !{metadata !"d26", i32 12, float* @d26_typeProxy, metadata !4}
!41 = metadata !{metadata !"d27", i32 12, float* @d27_typeProxy, metadata !4}
!42 = metadata !{metadata !"d28", i32 12, float* @d28_typeProxy, metadata !4}
!43 = metadata !{metadata !"d29", i32 12, float* @d29_typeProxy, metadata !4}
!44 = metadata !{metadata !"d30", i32 12, float* @d30_typeProxy, metadata !4}
!45 = metadata !{metadata !"d31", i32 12, float* @d31_typeProxy, metadata !4}
!46 = metadata !{metadata !"d32", i32 12, float* @d32_typeProxy, metadata !4}
!47 = metadata !{metadata !"d33", i32 12, float* @d33_typeProxy, metadata !4}
!48 = metadata !{metadata !"d34", i32 12, float* @d34_typeProxy, metadata !4}
!49 = metadata !{metadata !"Count", i32 12, i32* @Count_typeProxy, metadata !4}
!50 = metadata !{metadata !"gl_FragColor", i32 7, <4 x float>* @gl_FragColor_typeProxy, metadata !51}
!51 = metadata !{i32 0, i32 0, i32 1025, null, i32 0, i32 43}

***Unsupported functionality: general-case cross edges (requires artificial loop)

Linked fragment stage:

ERROR: Linking fragment stage: Missing entry point: Each stage requires one "void main()" entry point

