test.frag

test.vert

deepRvalue.frag

block.frag

length.frag

matrix2.frag

matrixAgg.frag

texture.frag

texture.vert

300BuiltIns.frag

300BuiltIns.vert

uniformArray.frag

newTexture.frag

qualifiers.frag

