
Top IR:
; ModuleID = 'Glslang'

@u_b = external addrspace(2) constant i1
@i_b = external addrspace(2) constant i1
@u_b2 = external addrspace(2) constant <2 x i1>
@i_b2 = external addrspace(2) constant <2 x i1>
@u_b3 = external addrspace(2) constant <3 x i1>
@i_b3 = external addrspace(2) constant <3 x i1>
@u_b4 = external addrspace(2) constant <4 x i1>
@i_b4 = external addrspace(2) constant <4 x i1>
@u_i = external addrspace(2) constant i32
@i_i = global i32 0
@u_i2 = external addrspace(2) constant <2 x i32>
@i_i2 = global <2 x i32> zeroinitializer
@u_i3 = external addrspace(2) constant <3 x i32>
@i_i3 = global <3 x i32> zeroinitializer
@u_i4 = external addrspace(2) constant <4 x i32>
@i_i4 = global <4 x i32> zeroinitializer
@u_f = external addrspace(2) constant float
@i_f = global float 0.000000e+00
@u_f2 = external addrspace(2) constant <2 x float>
@i_f2 = global <2 x float> zeroinitializer
@u_f3 = external addrspace(2) constant <3 x float>
@i_f3 = global <3 x float> zeroinitializer
@u_f4 = external addrspace(2) constant <4 x float>
@i_f4 = global <4 x float> zeroinitializer
@gl_FragColor = global <4 x float> zeroinitializer

define fastcc void @main() {
entry:
  %gl_FragColor16 = alloca <4 x float>
  %gl_FragColor = alloca <4 x float>
  %f4 = alloca <4 x float>
  %f3 = alloca <3 x float>
  %f2 = alloca <2 x float>
  %f = alloca float
  %i4 = alloca <4 x i32>
  %i3 = alloca <3 x i32>
  %i2 = alloca <2 x i32>
  %i = alloca i32
  %b46 = alloca <4 x i1>
  %b4 = alloca <4 x i1>
  %b34 = alloca <3 x i1>
  %b3 = alloca <3 x i1>
  %b22 = alloca <2 x i1>
  %b2 = alloca <2 x i1>
  %b = alloca i1
  br label %mainBody

mainBody:                                         ; preds = %entry
  %0 = load i1 addrspace(2)* @u_b, !gla.uniform !1
  %1 = load i1 addrspace(2)* @i_b, !gla.uniform !3
  %b1 = and i1 %0, %1
  store i1 %b1, i1* %b
  %2 = load <2 x i1> addrspace(2)* @u_b2, !gla.uniform !4
  %3 = extractelement <2 x i1> %2, i32 0
  %4 = load <2 x i1> addrspace(2)* @i_b2, !gla.uniform !5
  %5 = extractelement <2 x i1> %4, i32 0
  %6 = and i1 %3, %5
  %7 = load <2 x i1> addrspace(2)* @u_b2, !gla.uniform !4
  %8 = extractelement <2 x i1> %7, i32 1
  %9 = and i1 %6, %8
  %10 = load <2 x i1> addrspace(2)* @i_b2, !gla.uniform !5
  %11 = extractelement <2 x i1> %10, i32 1
  %12 = and i1 %9, %11
  %13 = load <2 x i1>* %b22
  %14 = insertelement <2 x i1> undef, i1 %12, i32 0
  %b23 = insertelement <2 x i1> %14, i1 %12, i32 1
  store <2 x i1> %b23, <2 x i1>* %b2
  %15 = load <3 x i1> addrspace(2)* @u_b3, !gla.uniform !6
  %16 = extractelement <3 x i1> %15, i32 0
  %17 = load <3 x i1> addrspace(2)* @i_b3, !gla.uniform !7
  %18 = extractelement <3 x i1> %17, i32 0
  %19 = and i1 %16, %18
  %20 = load <3 x i1> addrspace(2)* @u_b3, !gla.uniform !6
  %21 = extractelement <3 x i1> %20, i32 1
  %22 = and i1 %19, %21
  %23 = load <3 x i1> addrspace(2)* @i_b3, !gla.uniform !7
  %24 = extractelement <3 x i1> %23, i32 1
  %25 = and i1 %22, %24
  %26 = load <3 x i1> addrspace(2)* @u_b3, !gla.uniform !6
  %27 = extractelement <3 x i1> %26, i32 2
  %28 = and i1 %25, %27
  %29 = load <3 x i1> addrspace(2)* @i_b3, !gla.uniform !7
  %30 = extractelement <3 x i1> %29, i32 2
  %31 = and i1 %28, %30
  %32 = load <3 x i1>* %b34
  %33 = insertelement <3 x i1> undef, i1 %31, i32 0
  %34 = insertelement <3 x i1> %33, i1 %31, i32 1
  %b35 = insertelement <3 x i1> %34, i1 %31, i32 2
  store <3 x i1> %b35, <3 x i1>* %b3
  %35 = load <4 x i1> addrspace(2)* @u_b4, !gla.uniform !8
  %36 = extractelement <4 x i1> %35, i32 0
  %37 = load <4 x i1> addrspace(2)* @i_b4, !gla.uniform !9
  %38 = extractelement <4 x i1> %37, i32 0
  %39 = and i1 %36, %38
  %40 = load <4 x i1> addrspace(2)* @u_b4, !gla.uniform !8
  %41 = extractelement <4 x i1> %40, i32 1
  %42 = and i1 %39, %41
  %43 = load <4 x i1> addrspace(2)* @i_b4, !gla.uniform !9
  %44 = extractelement <4 x i1> %43, i32 1
  %45 = and i1 %42, %44
  %46 = load <4 x i1> addrspace(2)* @u_b4, !gla.uniform !8
  %47 = extractelement <4 x i1> %46, i32 2
  %48 = and i1 %45, %47
  %49 = load <4 x i1> addrspace(2)* @i_b4, !gla.uniform !9
  %50 = extractelement <4 x i1> %49, i32 2
  %51 = and i1 %48, %50
  %52 = load <4 x i1> addrspace(2)* @u_b4, !gla.uniform !8
  %53 = extractelement <4 x i1> %52, i32 3
  %54 = and i1 %51, %53
  %55 = load <4 x i1> addrspace(2)* @i_b4, !gla.uniform !9
  %56 = extractelement <4 x i1> %55, i32 3
  %57 = and i1 %54, %56
  %58 = load <4 x i1>* %b46
  %59 = insertelement <4 x i1> undef, i1 %57, i32 0
  %60 = insertelement <4 x i1> %59, i1 %57, i32 1
  %61 = insertelement <4 x i1> %60, i1 %57, i32 2
  %b47 = insertelement <4 x i1> %61, i1 %57, i32 3
  store <4 x i1> %b47, <4 x i1>* %b4
  %62 = load i32 addrspace(2)* @u_i, !gla.uniform !10
  %63 = load i32* @i_i
  %i8 = add i32 %62, %63
  store i32 %i8, i32* %i
  %64 = load <2 x i32> addrspace(2)* @u_i2, !gla.uniform !11
  %65 = load <2 x i32>* @i_i2
  %i29 = add <2 x i32> %64, %65
  store <2 x i32> %i29, <2 x i32>* %i2
  %66 = load <3 x i32> addrspace(2)* @u_i3, !gla.uniform !12
  %67 = load <3 x i32>* @i_i3
  %i310 = add <3 x i32> %66, %67
  store <3 x i32> %i310, <3 x i32>* %i3
  %68 = load <4 x i32> addrspace(2)* @u_i4, !gla.uniform !13
  %69 = load <4 x i32>* @i_i4
  %i411 = add <4 x i32> %68, %69
  store <4 x i32> %i411, <4 x i32>* %i4
  %70 = load float addrspace(2)* @u_f, !gla.uniform !14
  %71 = load float* @i_f
  %f12 = fadd float %70, %71
  store float %f12, float* %f
  %72 = load <2 x float> addrspace(2)* @u_f2, !gla.uniform !15
  %73 = load <2 x float>* @i_f2
  %f213 = fadd <2 x float> %72, %73
  store <2 x float> %f213, <2 x float>* %f2
  %74 = load <3 x float> addrspace(2)* @u_f3, !gla.uniform !16
  %75 = load <3 x float>* @i_f3
  %f314 = fadd <3 x float> %74, %75
  store <3 x float> %f314, <3 x float>* %f3
  %76 = load <4 x float> addrspace(2)* @u_f4, !gla.uniform !17
  %77 = load <4 x float>* @i_f4
  %f415 = fadd <4 x float> %76, %77
  store <4 x float> %f415, <4 x float>* %f4
  %78 = load i1* %b
  %79 = load <2 x i1>* %b2
  %80 = extractelement <2 x i1> %79, i32 0
  %81 = or i1 %78, %80
  %82 = load <2 x i1>* %b2
  %83 = extractelement <2 x i1> %82, i32 1
  %84 = or i1 %81, %83
  %85 = load <3 x i1>* %b3
  %86 = extractelement <3 x i1> %85, i32 0
  %87 = or i1 %84, %86
  %88 = load <3 x i1>* %b3
  %89 = extractelement <3 x i1> %88, i32 1
  %90 = or i1 %87, %89
  %91 = load <3 x i1>* %b3
  %92 = extractelement <3 x i1> %91, i32 2
  %93 = or i1 %90, %92
  %94 = load <4 x i1>* %b4
  %95 = extractelement <4 x i1> %94, i32 0
  %96 = or i1 %93, %95
  %97 = load <4 x i1>* %b4
  %98 = extractelement <4 x i1> %97, i32 1
  %99 = or i1 %96, %98
  %100 = load <4 x i1>* %b4
  %101 = extractelement <4 x i1> %100, i32 2
  %102 = or i1 %99, %101
  %103 = load <4 x i1>* %b4
  %104 = extractelement <4 x i1> %103, i32 3
  %105 = or i1 %102, %104
  br i1 %105, label %then, label %else

then:                                             ; preds = %mainBody
  %106 = load i32* %i
  %107 = load <2 x i32>* %i2
  %108 = extractelement <2 x i32> %107, i32 0
  %109 = add i32 %106, %108
  %110 = load <2 x i32>* %i2
  %111 = extractelement <2 x i32> %110, i32 1
  %112 = add i32 %109, %111
  %113 = load <3 x i32>* %i3
  %114 = extractelement <3 x i32> %113, i32 0
  %115 = add i32 %112, %114
  %116 = load <3 x i32>* %i3
  %117 = extractelement <3 x i32> %116, i32 1
  %118 = add i32 %115, %117
  %119 = load <3 x i32>* %i3
  %120 = extractelement <3 x i32> %119, i32 2
  %121 = add i32 %118, %120
  %122 = load <4 x i32>* %i4
  %123 = extractelement <4 x i32> %122, i32 0
  %124 = add i32 %121, %123
  %125 = load <4 x i32>* %i4
  %126 = extractelement <4 x i32> %125, i32 1
  %127 = add i32 %124, %126
  %128 = load <4 x i32>* %i4
  %129 = extractelement <4 x i32> %128, i32 2
  %130 = add i32 %127, %129
  %131 = load <4 x i32>* %i4
  %132 = extractelement <4 x i32> %131, i32 3
  %133 = add i32 %130, %132
  %134 = sitofp i32 %133 to float
  %135 = load float* %f
  %136 = fadd float %134, %135
  %137 = load <2 x float>* %f2
  %138 = extractelement <2 x float> %137, i32 0
  %139 = fadd float %136, %138
  %140 = load <2 x float>* %f2
  %141 = extractelement <2 x float> %140, i32 1
  %142 = fadd float %139, %141
  %143 = load <3 x float>* %f3
  %144 = extractelement <3 x float> %143, i32 0
  %145 = fadd float %142, %144
  %146 = load <3 x float>* %f3
  %147 = extractelement <3 x float> %146, i32 1
  %148 = fadd float %145, %147
  %149 = load <3 x float>* %f3
  %150 = extractelement <3 x float> %149, i32 2
  %151 = fadd float %148, %150
  %152 = load <4 x float>* %f4
  %153 = extractelement <4 x float> %152, i32 0
  %154 = fadd float %151, %153
  %155 = load <4 x float>* %f4
  %156 = extractelement <4 x float> %155, i32 1
  %157 = fadd float %154, %156
  %158 = load <4 x float>* %f4
  %159 = extractelement <4 x float> %158, i32 2
  %160 = fadd float %157, %159
  %161 = load <4 x float>* %f4
  %162 = extractelement <4 x float> %161, i32 3
  %163 = fadd float %160, %162
  %164 = load <4 x float>* %gl_FragColor16
  %165 = insertelement <4 x float> undef, float %163, i32 0
  %166 = insertelement <4 x float> %165, float %163, i32 1
  %167 = insertelement <4 x float> %166, float %163, i32 2
  %gl_FragColor17 = insertelement <4 x float> %167, float %163, i32 3
  store <4 x float> %gl_FragColor17, <4 x float>* %gl_FragColor
  br label %ifmerge

else:                                             ; preds = %mainBody
  store <4 x float> <float 1.000000e+00, float 1.000000e+00, float 1.000000e+00, float 1.000000e+00>, <4 x float>* %gl_FragColor
  br label %ifmerge

ifmerge:                                          ; preds = %else, %then
  %gl_FragColor18 = load <4 x float>* %gl_FragColor
  store <4 x float> %gl_FragColor18, <4 x float>* @gl_FragColor
  br label %stage-epilogue

stage-epilogue:                                   ; preds = %ifmerge
  br label %stage-exit

stage-exit:                                       ; preds = %stage-epilogue
  ret void
}

!gla.entrypoint = !{!0}
!gla.uniforms = !{!1, !3, !4, !5, !6, !7, !8, !9, !10, !11, !12, !13, !14, !15, !16, !17}
!gla.inputs = !{!18, !20, !22, !24, !26, !28, !30, !32}
!gla.outputs = !{!34}

!0 = !{!"main", i32 15}
!1 = !{!"u_b", i32 12, i1* @u_b_typeProxy, !2}
!2 = !{i32 0, i32 0, i32 1024, null, i32 -1, i32 0, i32 -1, i32 0, i32 -1}
!3 = !{!"i_b", i32 12, i1* @i_b_typeProxy, !2}
!4 = !{!"u_b2", i32 12, <2 x i1>* @u_b2_typeProxy, !2}
!5 = !{!"i_b2", i32 12, <2 x i1>* @i_b2_typeProxy, !2}
!6 = !{!"u_b3", i32 12, <3 x i1>* @u_b3_typeProxy, !2}
!7 = !{!"i_b3", i32 12, <3 x i1>* @i_b3_typeProxy, !2}
!8 = !{!"u_b4", i32 12, <4 x i1>* @u_b4_typeProxy, !2}
!9 = !{!"i_b4", i32 12, <4 x i1>* @i_b4_typeProxy, !2}
!10 = !{!"u_i", i32 12, i32* @u_i_typeProxy, !2}
!11 = !{!"u_i2", i32 12, <2 x i32>* @u_i2_typeProxy, !2}
!12 = !{!"u_i3", i32 12, <3 x i32>* @u_i3_typeProxy, !2}
!13 = !{!"u_i4", i32 12, <4 x i32>* @u_i4_typeProxy, !2}
!14 = !{!"u_f", i32 12, float* @u_f_typeProxy, !2}
!15 = !{!"u_f2", i32 12, <2 x float>* @u_f2_typeProxy, !2}
!16 = !{!"u_f3", i32 12, <3 x float>* @u_f3_typeProxy, !2}
!17 = !{!"u_f4", i32 12, <4 x float>* @u_f4_typeProxy, !2}
!18 = !{!"i_i", i32 1, i32* @i_i_typeProxy, !19}
!19 = !{i32 0, i32 0, i32 1024, null, i32 0, i32 0, i32 -1, i32 0, i32 -1}
!20 = !{!"i_i2", i32 1, <2 x i32>* @i_i2_typeProxy, !21}
!21 = !{i32 0, i32 0, i32 1025, null, i32 0, i32 0, i32 -1, i32 0, i32 -1}
!22 = !{!"i_i3", i32 1, <3 x i32>* @i_i3_typeProxy, !23}
!23 = !{i32 0, i32 0, i32 1026, null, i32 0, i32 0, i32 -1, i32 0, i32 -1}
!24 = !{!"i_i4", i32 1, <4 x i32>* @i_i4_typeProxy, !25}
!25 = !{i32 0, i32 0, i32 1027, null, i32 0, i32 0, i32 -1, i32 0, i32 -1}
!26 = !{!"i_f", i32 1, float* @i_f_typeProxy, !27}
!27 = !{i32 0, i32 0, i32 1028, null, i32 1, i32 0, i32 -1, i32 0, i32 -1}
!28 = !{!"i_f2", i32 1, <2 x float>* @i_f2_typeProxy, !29}
!29 = !{i32 0, i32 0, i32 1029, null, i32 1, i32 0, i32 -1, i32 0, i32 -1}
!30 = !{!"i_f3", i32 1, <3 x float>* @i_f3_typeProxy, !31}
!31 = !{i32 0, i32 0, i32 1030, null, i32 1, i32 0, i32 -1, i32 0, i32 -1}
!32 = !{!"i_f4", i32 1, <4 x float>* @i_f4_typeProxy, !33}
!33 = !{i32 0, i32 0, i32 1031, null, i32 1, i32 0, i32 -1, i32 0, i32 -1}
!34 = !{!"gl_FragColor", i32 7, <4 x float>* @gl_FragColor_typeProxy, !35}
!35 = !{i32 0, i32 0, i32 1032, null, i32 0, i32 43, i32 -1, i32 0, i32 -1}
