
Top IR:
; ModuleID = 'Glslang'

@texSampler2D = external addrspace(1) constant i32
@gl_TexCoord = global [6 x <4 x float>] zeroinitializer
@color = global <4 x float> zeroinitializer
@alpha = global float 0.000000e+00
@gl_FragColor = global <4 x float> zeroinitializer
@foo = global [3 x <4 x float>] zeroinitializer

define fastcc void @main() {
entry:
  %texColor1 = alloca <2 x float>
  %texColor = alloca <4 x float>
  br label %mainBody

mainBody:                                         ; preds = %entry
  %0 = load i32 addrspace(1)* @texSampler2D, !gla.uniform !1
  %1 = load <4 x float>* getelementptr inbounds ([6 x <4 x float>]* @gl_TexCoord, i32 0, i32 4)
  %2 = load <4 x float>* getelementptr inbounds ([6 x <4 x float>]* @gl_TexCoord, i32 0, i32 5)
  %3 = fadd <4 x float> %1, %2
  %4 = load <2 x float>* %texColor1
  %5 = extractelement <4 x float> %3, i32 0
  %6 = insertelement <2 x float> %4, float %5, i32 0
  %7 = extractelement <4 x float> %3, i32 1
  %8 = insertelement <2 x float> %6, float %7, i32 1
  %texColor2 = call <4 x float> @llvm.gla.fTextureSample.v4f32.v2f32(i32 2, i32 %0, i32 0, <2 x float> %8)
  store <4 x float> %texColor2, <4 x float>* %texColor
  %9 = load <4 x float>* @color
  %10 = load <4 x float>* %texColor
  %texColor3 = fadd <4 x float> %10, %9
  store <4 x float> %texColor3, <4 x float>* %texColor
  %11 = load float* @alpha
  %12 = getelementptr <4 x float>* %texColor, i32 0, i32 3
  store float %11, float* %12
  %13 = load <4 x float>* getelementptr inbounds ([3 x <4 x float>]* @foo, i32 0, i32 1)
  %14 = load <4 x float>* getelementptr inbounds ([6 x <4 x float>]* @gl_TexCoord, i32 0, i32 0)
  %15 = fadd <4 x float> %13, %14
  %16 = load <4 x float>* getelementptr inbounds ([6 x <4 x float>]* @gl_TexCoord, i32 0, i32 4)
  %17 = fadd <4 x float> %15, %16
  %18 = load <4 x float>* %texColor
  %gl_FragColor = fadd <4 x float> %17, %18
  store <4 x float> %gl_FragColor, <4 x float>* @gl_FragColor
  br label %stage-epilogue

stage-epilogue:                                   ; preds = %mainBody
  br label %stage-exit

stage-exit:                                       ; preds = %stage-epilogue
  ret void
}

; Function Attrs: nounwind readnone
declare <4 x float> @llvm.gla.fTextureSample.v4f32.v2f32(i32, i32, i32, <2 x float>) #0

attributes #0 = { nounwind readnone }

!gla.entrypoint = !{!0}
!gla.uniforms = !{!1}
!gla.inputs = !{!4, !6, !8, !10}
!gla.outputs = !{!12}

!0 = !{!"main", i32 15}
!1 = !{!"texSampler2D", i32 12, i32* @texSampler2D_typeProxy, !2}
!2 = !{i32 5, i32 0, i32 1024, !3, i32 -1, i32 0, i32 -1, i32 0, i32 -1}
!3 = !{i32 0, i32* @texSampler2D_typeProxy, i32 1, i1 false, i1 false, i32 0}
!4 = !{!"gl_TexCoord", i32 1, [6 x <4 x float>]* @gl_TexCoord_typeProxy, !5}
!5 = !{i32 0, i32 0, i32 1024, null, i32 1, i32 28, i32 -1, i32 0, i32 -1}
!6 = !{!"color", i32 1, <4 x float>* @color_typeProxy, !7}
!7 = !{i32 0, i32 0, i32 1030, null, i32 1, i32 0, i32 -1, i32 0, i32 -1}
!8 = !{!"alpha", i32 1, float* @alpha_typeProxy, !9}
!9 = !{i32 0, i32 0, i32 1031, null, i32 1, i32 0, i32 -1, i32 0, i32 -1}
!10 = !{!"foo", i32 1, [3 x <4 x float>]* @foo_typeProxy, !11}
!11 = !{i32 0, i32 0, i32 1033, null, i32 1, i32 0, i32 -1, i32 0, i32 -1}
!12 = !{!"gl_FragColor", i32 7, <4 x float>* @gl_FragColor_typeProxy, !13}
!13 = !{i32 0, i32 0, i32 1032, null, i32 0, i32 43, i32 -1, i32 0, i32 -1}
