
Top IR:
; ModuleID = 'Glslang'

@BaseColor = global <4 x float> zeroinitializer
@d = external addrspace(2) constant float
@bigColor = external addrspace(2) constant <4 x float>
@gl_FragColor = global <4 x float> zeroinitializer

define fastcc void @main() {
entry:
  %color = alloca <4 x float>
  br label %mainBody

mainBody:                                         ; preds = %entry
  %color1 = load <4 x float>* @BaseColor
  store <4 x float> %color1, <4 x float>* %color
  br label %loop-header

loop-header:                                      ; preds = %ifmerge, %mainBody
  %0 = load <4 x float>* %color
  %1 = extractelement <4 x float> %0, i32 0
  %2 = load float addrspace(2)* @d, !gla.uniform !3
  %3 = fcmp olt float %1, %2
  %4 = xor i1 %3, true
  br i1 %4, label %then, label %ifmerge

then:                                             ; preds = %loop-header
  br label %loop-merge

post-loop-break:                                  ; No predecessors!
  unreachable

ifmerge:                                          ; preds = %loop-header
  %5 = load <4 x float> addrspace(2)* @bigColor, !gla.uniform !5
  %6 = load <4 x float>* %color
  %color2 = fadd <4 x float> %6, %5
  store <4 x float> %color2, <4 x float>* %color
  br label %loop-header

loop-merge:                                       ; preds = %then
  %gl_FragColor = load <4 x float>* %color
  store <4 x float> %gl_FragColor, <4 x float>* @gl_FragColor
  br label %stage-epilogue

stage-epilogue:                                   ; preds = %loop-merge
  br label %stage-exit

stage-exit:                                       ; preds = %stage-epilogue
  ret void
}

!gla.entrypoint = !{!0}
!gla.inputs = !{!1}
!gla.uniforms = !{!3, !5}
!gla.outputs = !{!6}

!0 = !{!"main", i32 15}
!1 = !{!"BaseColor", i32 1, <4 x float>* @BaseColor_typeProxy, !2}
!2 = !{i32 0, i32 0, i32 1024, null, i32 1, i32 0, i32 -1, i32 0, i32 -1}
!3 = !{!"d", i32 12, float* @d_typeProxy, !4}
!4 = !{i32 0, i32 0, i32 1024, null, i32 -1, i32 0, i32 -1, i32 0, i32 -1}
!5 = !{!"bigColor", i32 12, <4 x float>* @bigColor_typeProxy, !4}
!6 = !{!"gl_FragColor", i32 7, <4 x float>* @gl_FragColor_typeProxy, !7}
!7 = !{i32 0, i32 0, i32 1025, null, i32 0, i32 43, i32 -1, i32 0, i32 -1}
